Archive member included to satisfy reference by file (symbol)

SYSTEM/delay/libdelay.a(delay.c.obj)
                              CMakeFiles/SYS_Power.dir/Core/Src/main.c.obj (delay_init)
peripherals/libperipherals.a(oled.c.obj)
                              CMakeFiles/SYS_Power.dir/Core/Src/main.c.obj (OLED_NewFrame)
peripherals/libperipherals.a(font.c.obj)
                              CMakeFiles/SYS_Power.dir/Core/Src/main.c.obj (font16x16)
peripherals/libperipherals.a(ad7190.c.obj)
                              CMakeFiles/SYS_Power.dir/Core/Src/main.c.obj (ad7190_CS_HIGH)
/usr/lib/gcc/arm-none-eabi/13.2.1/thumb/v7-m/nofp/libgcc.a(_arm_muldf3.o)
                              peripherals/libperipherals.a(oled.c.obj) (__aeabi_dmul)
/usr/lib/gcc/arm-none-eabi/13.2.1/thumb/v7-m/nofp/libgcc.a(_arm_addsubdf3.o)
                              peripherals/libperipherals.a(oled.c.obj) (__aeabi_dsub)
/usr/lib/gcc/arm-none-eabi/13.2.1/thumb/v7-m/nofp/libgcc.a(_arm_fixdfsi.o)
                              peripherals/libperipherals.a(oled.c.obj) (__aeabi_d2iz)
/usr/lib/gcc/arm-none-eabi/13.2.1/../../../arm-none-eabi/lib/thumb/v7-m/nofp/libg.a(libc_a-memset.o)
                              /usr/lib/gcc/arm-none-eabi/13.2.1/../../../arm-none-eabi/lib/thumb/v7-m/nofp/crt0.o (memset)
/usr/lib/gcc/arm-none-eabi/13.2.1/../../../arm-none-eabi/lib/thumb/v7-m/nofp/libg.a(libc_a-errno.o)
                              CMakeFiles/SYS_Power.dir/Core/Src/sysmem.c.obj (__errno)
/usr/lib/gcc/arm-none-eabi/13.2.1/../../../arm-none-eabi/lib/thumb/v7-m/nofp/libg.a(libc_a-impure.o)
                              /usr/lib/gcc/arm-none-eabi/13.2.1/../../../arm-none-eabi/lib/thumb/v7-m/nofp/libg.a(libc_a-errno.o) (_impure_ptr)
/usr/lib/gcc/arm-none-eabi/13.2.1/../../../arm-none-eabi/lib/thumb/v7-m/nofp/libg.a(libc_a-memcmp.o)
                              peripherals/libperipherals.a(oled.c.obj) (memcmp)
/usr/lib/gcc/arm-none-eabi/13.2.1/../../../arm-none-eabi/lib/thumb/v7-m/nofp/libg.a(libc_a-snprintf.o)
                              CMakeFiles/SYS_Power.dir/Core/Src/main.c.obj (snprintf)
/usr/lib/gcc/arm-none-eabi/13.2.1/../../../arm-none-eabi/lib/thumb/v7-m/nofp/libg.a(libc_a-memcpy.o)
                              peripherals/libperipherals.a(oled.c.obj) (memcpy)
/usr/lib/gcc/arm-none-eabi/13.2.1/../../../arm-none-eabi/lib/thumb/v7-m/nofp/libg.a(libc_a-init.o)
                              /usr/lib/gcc/arm-none-eabi/13.2.1/../../../arm-none-eabi/lib/thumb/v7-m/nofp/crt0.o (__libc_init_array)
/usr/lib/gcc/arm-none-eabi/13.2.1/../../../arm-none-eabi/lib/thumb/v7-m/nofp/libg.a(libc_a-findfp.o)
                              /usr/lib/gcc/arm-none-eabi/13.2.1/../../../arm-none-eabi/lib/thumb/v7-m/nofp/libg.a(libc_a-impure.o) (__sf)
/usr/lib/gcc/arm-none-eabi/13.2.1/../../../arm-none-eabi/lib/thumb/v7-m/nofp/libg.a(libc_a-exit.o)
                              /usr/lib/gcc/arm-none-eabi/13.2.1/../../../arm-none-eabi/lib/thumb/v7-m/nofp/crt0.o (exit)
/usr/lib/gcc/arm-none-eabi/13.2.1/../../../arm-none-eabi/lib/thumb/v7-m/nofp/libg.a(libc_a-atexit.o)
                              /usr/lib/gcc/arm-none-eabi/13.2.1/../../../arm-none-eabi/lib/thumb/v7-m/nofp/crt0.o (atexit)
/usr/lib/gcc/arm-none-eabi/13.2.1/../../../arm-none-eabi/lib/thumb/v7-m/nofp/libg.a(libc_a-fini.o)
                              /usr/lib/gcc/arm-none-eabi/13.2.1/../../../arm-none-eabi/lib/thumb/v7-m/nofp/crt0.o (__libc_fini_array)
/usr/lib/gcc/arm-none-eabi/13.2.1/../../../arm-none-eabi/lib/thumb/v7-m/nofp/libg.a(libc_a-fwalk.o)
                              /usr/lib/gcc/arm-none-eabi/13.2.1/../../../arm-none-eabi/lib/thumb/v7-m/nofp/libg.a(libc_a-findfp.o) (_fwalk_sglue)
/usr/lib/gcc/arm-none-eabi/13.2.1/../../../arm-none-eabi/lib/thumb/v7-m/nofp/libg.a(libc_a-svfprintf.o)
                              /usr/lib/gcc/arm-none-eabi/13.2.1/../../../arm-none-eabi/lib/thumb/v7-m/nofp/libg.a(libc_a-snprintf.o) (_svfprintf_r)
/usr/lib/gcc/arm-none-eabi/13.2.1/../../../arm-none-eabi/lib/thumb/v7-m/nofp/libg.a(libc_a-mallocr.o)
                              /usr/lib/gcc/arm-none-eabi/13.2.1/../../../arm-none-eabi/lib/thumb/v7-m/nofp/libg.a(libc_a-findfp.o) (_malloc_r)
/usr/lib/gcc/arm-none-eabi/13.2.1/../../../arm-none-eabi/lib/thumb/v7-m/nofp/libg.a(libc_a-dtoa.o)
                              /usr/lib/gcc/arm-none-eabi/13.2.1/../../../arm-none-eabi/lib/thumb/v7-m/nofp/libg.a(libc_a-svfprintf.o) (_dtoa_r)
/usr/lib/gcc/arm-none-eabi/13.2.1/../../../arm-none-eabi/lib/thumb/v7-m/nofp/libg.a(libc_a-freer.o)
                              /usr/lib/gcc/arm-none-eabi/13.2.1/../../../arm-none-eabi/lib/thumb/v7-m/nofp/libg.a(libc_a-mallocr.o) (_free_r)
/usr/lib/gcc/arm-none-eabi/13.2.1/../../../arm-none-eabi/lib/thumb/v7-m/nofp/libg.a(libc_a-fclose.o)
                              /usr/lib/gcc/arm-none-eabi/13.2.1/../../../arm-none-eabi/lib/thumb/v7-m/nofp/libg.a(libc_a-findfp.o) (_fclose_r)
[...]
Memory Configuration

Name             Origin             Length             Attributes
RAM              0x20000000         0x00010000         xrw
FLASH            0x08000000         0x00080000         xr
*default*        0x00000000         0xffffffff

Linker script and memory map

LOAD /usr/lib/gcc/arm-none-eabi/13.2.1/thumb/v7-m/nofp/crti.o
LOAD /usr/lib/gcc/arm-none-eabi/13.2.1/thumb/v7-m/nofp/crtbegin.o
LOAD /usr/lib/gcc/arm-none-eabi/13.2.1/../../../arm-none-eabi/lib/thumb/v7-m/nofp/crt0.o
LOAD CMakeFiles/SYS_Power.dir/Core/Src/main.c.obj
LOAD CMakeFiles/SYS_Power.dir/Core/Src/gpio.c.obj
LOAD CMakeFiles/SYS_Power.dir/Core/Src/i2c.c.obj
LOAD CMakeFiles/SYS_Power.dir/Core/Src/stm32f1xx_it.c.obj
LOAD CMakeFiles/SYS_Power.dir/Core/Src/stm32f1xx_hal_msp.c.obj
LOAD CMakeFiles/SYS_Power.dir/Core/Src/sysmem.c.obj
LOAD CMakeFiles/SYS_Power.dir/Core/Src/syscalls.c.obj
LOAD CMakeFiles/SYS_Power.dir/startup_stm32f103xe.s.obj
LOAD cmake/stm32cubemx/CMakeFiles/STM32_Drivers.dir/__/__/Core/Src/system_stm32f1xx.c.obj
LOAD cmake/stm32cubemx/CMakeFiles/STM32_Drivers.dir/__/__/Drivers/STM32F1xx_HAL_Driver/Src/stm32f1xx_hal_gpio_ex.c.obj
LOAD cmake/stm32cubemx/CMakeFiles/STM32_Drivers.dir/__/__/Drivers/STM32F1xx_HAL_Driver/Src/stm32f1xx_hal_i2c.c.obj
LOAD cmake/stm32cubemx/CMakeFiles/STM32_Drivers.dir/__/__/Drivers/STM32F1xx_HAL_Driver/Src/stm32f1xx_hal.c.obj
LOAD cmake/stm32cubemx/CMakeFiles/STM32_Drivers.dir/__/__/Drivers/STM32F1xx_HAL_Driver/Src/stm32f1xx_hal_rcc.c.obj
LOAD cmake/stm32cubemx/CMakeFiles/STM32_Drivers.dir/__/__/Drivers/STM32F1xx_HAL_Driver/Src/stm32f1xx_hal_rcc_ex.c.obj
LOAD cmake/stm32cubemx/CMakeFiles/STM32_Drivers.dir/__/__/Drivers/STM32F1xx_HAL_Driver/Src/stm32f1xx_hal_gpio.c.obj
LOAD cmake/stm32cubemx/CMakeFiles/STM32_Drivers.dir/__/__/Drivers/STM32F1xx_HAL_Driver/Src/stm32f1xx_hal_dma.c.obj
LOAD cmake/stm32cubemx/CMakeFiles/STM32_Drivers.dir/__/__/Drivers/STM32F1xx_HAL_Driver/Src/stm32f1xx_hal_cortex.c.obj
LOAD cmake/stm32cubemx/CMakeFiles/STM32_Drivers.dir/__/__/Drivers/STM32F1xx_HAL_Driver/Src/stm32f1xx_hal_pwr.c.obj
LOAD cmake/stm32cubemx/CMakeFiles/STM32_Drivers.dir/__/__/Drivers/STM32F1xx_HAL_Driver/Src/stm32f1xx_hal_flash.c.obj
LOAD cmake/stm32cubemx/CMakeFiles/STM32_Drivers.dir/__/__/Drivers/STM32F1xx_HAL_Driver/Src/stm32f1xx_hal_flash_ex.c.obj
LOAD cmake/stm32cubemx/CMakeFiles/STM32_Drivers.dir/__/__/Drivers/STM32F1xx_HAL_Driver/Src/stm32f1xx_hal_exti.c.obj
LOAD SYSTEM/sys/libsys.a
LOAD SYSTEM/delay/libdelay.a
LOAD peripherals/libperipherals.a
LOAD SYSTEM/delay/libdelay.a
LOAD SYSTEM/sys/libsys.a
START GROUP
LOAD /usr/lib/gcc/arm-none-eabi/13.2.1/thumb/v7-m/nofp/libgcc.a
LOAD /usr/lib/gcc/arm-none-eabi/13.2.1/../../../arm-none-eabi/lib/thumb/v7-m/nofp/libg.a
LOAD /usr/lib/gcc/arm-none-eabi/13.2.1/../../../arm-none-eabi/lib/thumb/v7-m/nofp/libc.a
END GROUP
LOAD /usr/lib/gcc/arm-none-eabi/13.2.1/thumb/v7-m/nofp/crtend.o
LOAD /usr/lib/gcc/arm-none-eabi/13.2.1/thumb/v7-m/nofp/crtn.o
                0x20010000                        _estack = (ORIGIN (RAM) + LENGTH (RAM))
                0x00000200                        _Min_Heap_Size = 0x200
                0x00000400                        _Min_Stack_Size = 0x400

.isr_vector     0x08000000      0x1e4
                0x08000000                        . = ALIGN (0x4)
 *(.isr_vector)
 .isr_vector    0x08000000      0x1e4 CMakeFiles/SYS_Power.dir/startup_stm32f103xe.s.obj
                0x08000000                g_pfnVectors
                0x080001e4                        . = ALIGN (0x4)

.text           0x080001e8     0x7e54
                0x080001e8                        . = ALIGN (0x4)
 *(.text)
 .text          0x080001e8       0x88 /usr/lib/gcc/arm-none-eabi/13.2.1/thumb/v7-m/nofp/crtbegin.o
 .text          0x08000270      0x378 /usr/lib/gcc/arm-none-eabi/13.2.1/thumb/v7-m/nofp/libgcc.a(_arm_addsubdf3.o)
                0x08000270                __aeabi_drsub
                0x08000278                __aeabi_dsub
                0x08000278                __subdf3
                0x0800027c                __adddf3
                0x0800027c                __aeabi_dadd
                0x080004f4                __aeabi_ui2d
                0x080004f4                __floatunsidf
                0x08000514                __floatsidf
                0x08000514                __aeabi_i2d
                0x08000538                __extendsfdf2
                0x08000538                __aeabi_f2d
                0x0800057c                __aeabi_ul2d
                0x0800057c                __floatundidf
                0x0800058c                __floatdidf
                0x0800058c                __aeabi_l2d
 .text          0x080005e8       0x50 /usr/lib/gcc/arm-none-eabi/13.2.1/thumb/v7-m/nofp/libgcc.a(_arm_fixdfsi.o)
                0x080005e8                __fixdfsi
                0x080005e8                __aeabi_d2iz
 .text          0x08000638       0xa0 /usr/lib/gcc/arm-none-eabi/13.2.1/../../../arm-none-eabi/lib/thumb/v7-m/nofp/libg.a(libc_a-memset.o)
                0x08000638                memset
 .text          0x080006d8        0xc /usr/lib/gcc/arm-none-eabi/13.2.1/../../../arm-none-eabi/lib/thumb/v7-m/nofp/libg.a(libc_a-errno.o)
                0x080006d8                __errno
 .text          0x080006e4       0x5c /usr/lib/gcc/arm-none-eabi/13.2.1/../../../arm-none-eabi/lib/thumb/v7-m/nofp/libg.a(libc_a-memcmp.o)
                0x080006e4                memcmp
 .text          0x08000740      0x10c /usr/lib/gcc/arm-none-eabi/13.2.1/../../../arm-none-eabi/lib/thumb/v7-m/nofp/libg.a(libc_a-snprintf.o)
                0x08000740                _snprintf_r
                0x080007c0                snprintf
 .text          0x0800084c       0xec /usr/lib/gcc/arm-none-eabi/13.2.1/../../../arm-none-eabi/lib/thumb/v7-m/nofp/libg.a(libc_a-memcpy.o)
                0x0800084c                memcpy
 .text          0x08000938       0x50 /usr/lib/gcc/arm-none-eabi/13.2.1/../../../arm-none-eabi/lib/thumb/v7-m/nofp/libg.a(libc_a-init.o)
                0x08000938                __libc_init_array
 .text          0x08000988      0x224 /usr/lib/gcc/arm-none-eabi/13.2.1/../../../arm-none-eabi/lib/thumb/v7-m/nofp/libg.a(libc_a-findfp.o)
                0x08000ab8                __sfp
                0x08000b5c                __sinit
                0x08000b7c                __sfp_lock_acquire
                0x08000b80                __sfp_lock_release
                0x08000b84                __fp_lock_all
                0x08000b98                __fp_unlock_all
 .text          0x08000bac        0xc /usr/lib/gcc/arm-none-eabi/13.2.1/../../../arm-none-eabi/lib/thumb/v7-m/nofp/libg.a(libc_a-atexit.o)
                0x08000bac                atexit
 .text          0x08000bb8       0x28 /usr/lib/gcc/arm-none-eabi/13.2.1/../../../arm-none-eabi/lib/thumb/v7-m/nofp/libg.a(libc_a-fini.o)
                0x08000bb8                __libc_fini_array
 .text          0x08000be0       0x44 /usr/lib/gcc/arm-none-eabi/13.2.1/../../../arm-none-eabi/lib/thumb/v7-m/nofp/libg.a(libc_a-fwalk.o)
                0x08000be0                _fwalk_sglue
 .text          0x08000c24     0x1410 /usr/lib/gcc/arm-none-eabi/13.2.1/../../../arm-none-eabi/lib/thumb/v7-m/nofp/libg.a(libc_a-svfprintf.o)
                0x08000c24                _svfprintf_r
 .text          0x08002034      0x55c /usr/lib/gcc/arm-none-eabi/13.2.1/../../../arm-none-eabi/lib/thumb/v7-m/nofp/libg.a(libc_a-mallocr.o)
                0x08002034                _malloc_r
 .text          0x08002590      0xfd4 /usr/lib/gcc/arm-none-eabi/13.2.1/../../../arm-none-eabi/lib/thumb/v7-m/nofp/libg.a(libc_a-dtoa.o)
                0x080026cc                _dtoa_r
 .text          0x08003564      0x2b0 /usr/lib/gcc/arm-none-eabi/13.2.1/../../../arm-none-eabi/lib/thumb/v7-m/nofp/libg.a(libc_a-freer.o)
                0x08003564                _malloc_trim_r
                0x0800361c                _free_r
 .text          0x08003814       0x90 /usr/lib/gcc/arm-none-eabi/13.2.1/../../../arm-none-eabi/lib/thumb/v7-m/nofp/libg.a(libc_a-fclose.o)
                0x08003814                _fclose_r
                0x08003894                fclose
 .text          0x080038a4       0x1c /usr/lib/gcc/arm-none-eabi/13.2.1/../../../arm-none-eabi/lib/thumb/v7-m/nofp/libg.a(libc_a-sysconf.o)
                0x080038a4                sysconf
 .text          0x080038c0       0x94 /usr/lib/gcc/arm-none-eabi/13.2.1/../../../arm-none-eabi/lib/thumb/v7-m/nofp/libg.a(libc_a-stdio.o)
                0x080038c0                __sread
                0x080038e4                __seofread
                0x080038e8                __swrite
                0x08003928                __sseek
                0x0800394c                __sclose
 .text          0x08003954       0x60 /usr/lib/gcc/arm-none-eabi/13.2.1/../../../arm-none-eabi/lib/thumb/v7-m/nofp/libg.a(libc_a-__atexit.o)
                0x08003954                __register_exitproc
 .text          0x080039b4       0x2c /usr/lib/gcc/arm-none-eabi/13.2.1/../../../arm-none-eabi/lib/thumb/v7-m/nofp/libg.a(libc_a-writer.o)
                0x080039b4                _write_r
 .text          0x080039e0        0x8 /usr/lib/gcc/arm-none-eabi/13.2.1/../../../arm-none-eabi/lib/thumb/v7-m/nofp/libg.a(libc_a-mlock.o)
                0x080039e0                __malloc_lock
                0x080039e4                __malloc_unlock
 .text          0x080039e8       0x58 /usr/lib/gcc/arm-none-eabi/13.2.1/../../../arm-none-eabi/lib/thumb/v7-m/nofp/libg.a(libc_a-ssprint_r.o)
                0x080039e8                __ssprint_r
 .text          0x08003a40       0x5c /usr/lib/gcc/arm-none-eabi/13.2.1/../../../arm-none-eabi/lib/thumb/v7-m/nofp/libg.a(libc_a-strlen-stub.o)
                0x08003a40                strlen
 .text          0x08003a9c       0x24 /usr/lib/gcc/arm-none-eabi/13.2.1/../../../arm-none-eabi/lib/thumb/v7-m/nofp/libg.a(libc_a-sbrkr.o)
                0x08003a9c                _sbrk_r
 .text          0x08003ac0       0x24 /usr/lib/gcc/arm-none-eabi/13.2.1/../../../arm-none-eabi/lib/thumb/v7-m/nofp/libg.a(libc_a-closer.o)
                0x08003ac0                _close_r
 .text          0x08003ae4       0x4c /usr/lib/gcc/arm-none-eabi/13.2.1/../../../arm-none-eabi/lib/thumb/v7-m/nofp/libg.a(libc_a-assert.o)
                0x08003ae4                __assert_func
                0x08003b24                __assert
 .text          0x08003b30      0xa78 /usr/lib/gcc/arm-none-eabi/13.2.1/../../../arm-none-eabi/lib/thumb/v7-m/nofp/libg.a(libc_a-mprec.o)
                0x08003b30                _Balloc
                0x08003b7c                _Bfree
                0x08003b90                __multadd
                0x08003c34                __s2b
                0x08003ce4                __hi0bits
                0x08003d28                __lo0bits
                0x08003d84                __i2b
                0x08003de0                __multiply
                0x08003f44                __pow5mult
                0x08003ff8                __lshift
                0x080040e4                __mcmp
                0x08004124                __mdiff
                0x0800429c                __ulp
                0x080042ec                __b2d
                0x080043a0                __d2b
                0x0800445c                __ratio
                0x080044b8                _mprec_log10
                0x080044f0                __copybits
                0x08004550                __any_on
 .text          0x080045a8       0x98 /usr/lib/gcc/arm-none-eabi/13.2.1/../../../arm-none-eabi/lib/thumb/v7-m/nofp/libg.a(libc_a-memchr-stub.o)
                0x080045a8                memchr
 .text          0x08004640       0x14 /usr/lib/gcc/arm-none-eabi/13.2.1/../../../arm-none-eabi/lib/thumb/v7-m/nofp/libg.a(libc_a-localeconv.o)
                0x08004640                __localeconv_l
                0x08004644                _localeconv_r
                0x0800464c                localeconv
 .text          0x08004654       0x40 /usr/lib/gcc/arm-none-eabi/13.2.1/../../../arm-none-eabi/lib/thumb/v7-m/nofp/libg.a(libc_a-mbtowc_r.o)
                0x08004654                _mbtowc_r
                0x08004668                __ascii_mbtowc
 .text          0x08004694      0x19c /usr/lib/gcc/arm-none-eabi/13.2.1/../../../arm-none-eabi/lib/thumb/v7-m/nofp/libg.a(libc_a-fflush.o)
                0x08004694                __sflush_r
                0x080047bc                _fflush_r
                0x080047e8                fflush
 .text          0x08004830       0x10 /usr/lib/gcc/arm-none-eabi/13.2.1/../../../arm-none-eabi/lib/thumb/v7-m/nofp/libg.a(libc_a-abort.o)
                0x08004830                abort
 .text          0x08004840       0x6c /usr/lib/gcc/arm-none-eabi/13.2.1/../../../arm-none-eabi/lib/thumb/v7-m/nofp/libg.a(libc_a-callocr.o)
                0x08004840                _calloc_r
 .text          0x080048ac       0xc0 /usr/lib/gcc/arm-none-eabi/13.2.1/../../../arm-none-eabi/lib/thumb/v7-m/nofp/libg.a(libc_a-ssputs_r.o)
                0x080048ac                __ssputs_r
 .text          0x0800496c       0x2c /usr/lib/gcc/arm-none-eabi/13.2.1/../../../arm-none-eabi/lib/thumb/v7-m/nofp/libg.a(libc_a-readr.o)
                0x0800496c                _read_r
 .text          0x08004998       0x44 /usr/lib/gcc/arm-none-eabi/13.2.1/../../../arm-none-eabi/lib/thumb/v7-m/nofp/libg.a(libc_a-fiprintf.o)
                0x08004998                _fiprintf_r
                0x080049b4                fiprintf
 .text          0x080049dc       0x30 /usr/lib/gcc/arm-none-eabi/13.2.1/../../../arm-none-eabi/lib/thumb/v7-m/nofp/libg.a(libc_a-wctomb_r.o)
                0x080049dc                _wctomb_r
                0x080049f0                __ascii_wctomb
 .text          0x08004a0c       0x2c /usr/lib/gcc/arm-none-eabi/13.2.1/../../../arm-none-eabi/lib/thumb/v7-m/nofp/libg.a(libc_a-lseekr.o)
                0x08004a0c                _lseek_r
 .text          0x08004a38      0x34c /usr/lib/gcc/arm-none-eabi/13.2.1/../../../arm-none-eabi/lib/thumb/v7-m/nofp/libg.a(libc_a-reallocr.o)
                0x08004a38                _realloc_r
 .text          0x08004d84      0x284 /usr/lib/gcc/arm-none-eabi/13.2.1/../../../arm-none-eabi/lib/thumb/v7-m/nofp/libg.a(libc_a-signal.o)
                0x08004d84                _init_signal_r
                0x08004db4                _signal_r
                0x08004e04                _raise_r
                0x08004e58                __sigtramp_r
                0x08004ec0                raise
                0x08004f18                signal
                0x08004f68                _init_signal
                0x08004fa0                __sigtramp
 .text          0x08005008       0x2c /usr/lib/gcc/arm-none-eabi/13.2.1/../../../arm-none-eabi/lib/thumb/v7-m/nofp/libg.a(libc_a-signalr.o)
                0x08005008                _kill_r
                0x08005030                _getpid_r
 .text          0x08005034       0xfc /usr/lib/gcc/arm-none-eabi/13.2.1/../../../arm-none-eabi/lib/thumb/v7-m/nofp/libg.a(libc_a-memmove.o)
                0x08005034                memmove
 .text          0x08005130      0xb50 /usr/lib/gcc/arm-none-eabi/13.2.1/../../../arm-none-eabi/lib/thumb/v7-m/nofp/libg.a(libc_a-vfiprintf.o)
                0x08005130                _vfiprintf_r
                0x08005bf8                vfiprintf
 .text          0x08005c80       0xc4 /usr/lib/gcc/arm-none-eabi/13.2.1/../../../arm-none-eabi/lib/thumb/v7-m/nofp/libg.a(libc_a-wsetup.o)
                0x08005c80                __swsetup_r
 .text          0x08005d44       0x20 /usr/lib/gcc/arm-none-eabi/13.2.1/../../../arm-none-eabi/lib/thumb/v7-m/nofp/libg.a(libc_a-sprint_r.o)
                0x08005d44                __sprint_r
 .text          0x08005d64      0x13c /usr/lib/gcc/arm-none-eabi/13.2.1/../../../arm-none-eabi/lib/thumb/v7-m/nofp/libg.a(libc_a-makebuf.o)
                0x08005d64                __smakebuf_r
                0x08005e40                __swhatbuf_r
 .text          0x08005ea0       0x28 /usr/lib/gcc/arm-none-eabi/13.2.1/../../../arm-none-eabi/lib/thumb/v7-m/nofp/libg.a(libc_a-fstatr.o)
                0x08005ea0                _fstat_r
 .text          0x08005ec8       0x24 /usr/lib/gcc/arm-none-eabi/13.2.1/../../../arm-none-eabi/lib/thumb/v7-m/nofp/libg.a(libc_a-isattyr.o)
                0x08005ec8                _isatty_r
 .text          0x08005eec      0x2ec /usr/lib/gcc/arm-none-eabi/13.2.1/../../../arm-none-eabi/lib/thumb/v7-m/nofp/libg.a(libc_a-fvwrite.o)
                0x08005eec                __sfvwrite_r
 .text          0x080061d8      0x424 /usr/lib/gcc/arm-none-eabi/13.2.1/thumb/v7-m/nofp/libgcc.a(_arm_muldivdf3.o)
                0x080061d8                __aeabi_dmul
                0x080061d8                __muldf3
                0x0800642c                __aeabi_ddiv
                0x0800642c                __divdf3
 .text          0x080065fc      0x110 /usr/lib/gcc/arm-none-eabi/13.2.1/thumb/v7-m/nofp/libgcc.a(_arm_cmpdf2.o)
                0x080065fc                __gtdf2
                0x080065fc                __gedf2
                0x08006604                __ltdf2
                0x08006604                __ledf2
                0x0800660c                __cmpdf2
                0x0800660c                __eqdf2
                0x0800660c                __nedf2
                0x08006688                __aeabi_cdrcmple
                0x08006698                __aeabi_cdcmple
                0x08006698                __aeabi_cdcmpeq
                0x080066a8                __aeabi_dcmpeq
                0x080066bc                __aeabi_dcmplt
                0x080066d0                __aeabi_dcmple
                0x080066e4                __aeabi_dcmpge
                0x080066f8                __aeabi_dcmpgt
 .text          0x0800670c       0x2c /usr/lib/gcc/arm-none-eabi/13.2.1/thumb/v7-m/nofp/libgcc.a(_arm_unorddf2.o)
                0x0800670c                __aeabi_dcmpun
                0x0800670c                __unorddf2
 *(.text*)
 .text.SystemClock_Config
                0x08006738       0x5e CMakeFiles/SYS_Power.dir/Core/Src/main.c.obj
                0x08006738                SystemClock_Config
 *fill*         0x08006796        0x2 
 .text.startup.main
                0x08006798      0x220 CMakeFiles/SYS_Power.dir/Core/Src/main.c.obj
                0x08006798                main
 .text.Error_Handler
                0x080069b8        0x4 CMakeFiles/SYS_Power.dir/Core/Src/main.c.obj
                0x080069b8                Error_Handler
 .text.MX_GPIO_Init
                0x080069bc       0xcc CMakeFiles/SYS_Power.dir/Core/Src/gpio.c.obj
                0x080069bc                MX_GPIO_Init
 .text.MX_I2C1_Init
                0x08006a88       0x3c CMakeFiles/SYS_Power.dir/Core/Src/i2c.c.obj
                0x08006a88                MX_I2C1_Init
 .text.HAL_I2C_MspInit
                0x08006ac4       0x64 CMakeFiles/SYS_Power.dir/Core/Src/i2c.c.obj
                0x08006ac4                HAL_I2C_MspInit
 .text.NMI_Handler
                0x08006b28        0x2 CMakeFiles/SYS_Power.dir/Core/Src/stm32f1xx_it.c.obj
                0x08006b28                NMI_Handler
 .text.HardFault_Handler
                0x08006b2a        0x2 CMakeFiles/SYS_Power.dir/Core/Src/stm32f1xx_it.c.obj
                0x08006b2a                HardFault_Handler
 .text.MemManage_Handler
                0x08006b2c        0x2 CMakeFiles/SYS_Power.dir/Core/Src/stm32f1xx_it.c.obj
                0x08006b2c                MemManage_Handler
 .text.BusFault_Handler
                0x08006b2e        0x2 CMakeFiles/SYS_Power.dir/Core/Src/stm32f1xx_it.c.obj
                0x08006b2e                BusFault_Handler
 .text.UsageFault_Handler
                0x08006b30        0x2 CMakeFiles/SYS_Power.dir/Core/Src/stm32f1xx_it.c.obj
                0x08006b30                UsageFault_Handler
 .text.SVC_Handler
                0x08006b32        0x2 CMakeFiles/SYS_Power.dir/Core/Src/stm32f1xx_it.c.obj
                0x08006b32                SVC_Handler
 .text.DebugMon_Handler
                0x08006b34        0x2 CMakeFiles/SYS_Power.dir/Core/Src/stm32f1xx_it.c.obj
                0x08006b34                DebugMon_Handler
 .text.PendSV_Handler
                0x08006b36        0x2 CMakeFiles/SYS_Power.dir/Core/Src/stm32f1xx_it.c.obj
                0x08006b36                PendSV_Handler
 .text.SysTick_Handler
                0x08006b38        0x4 CMakeFiles/SYS_Power.dir/Core/Src/stm32f1xx_it.c.obj
                0x08006b38                SysTick_Handler
 .text.HAL_MspInit
                0x08006b3c       0x44 CMakeFiles/SYS_Power.dir/Core/Src/stm32f1xx_hal_msp.c.obj
                0x08006b3c                HAL_MspInit
 .text._sbrk    0x08006b80       0x40 CMakeFiles/SYS_Power.dir/Core/Src/sysmem.c.obj
                0x08006b80                _sbrk
 .text._getpid  0x08006bc0        0x4 CMakeFiles/SYS_Power.dir/Core/Src/syscalls.c.obj
                0x08006bc0                _getpid
 .text._kill    0x08006bc4       0x10 CMakeFiles/SYS_Power.dir/Core/Src/syscalls.c.obj
                0x08006bc4                _kill
 .text._exit    0x08006bd4        0xc CMakeFiles/SYS_Power.dir/Core/Src/syscalls.c.obj
                0x08006bd4                _exit
 .text._read    0x08006be0       0x1c CMakeFiles/SYS_Power.dir/Core/Src/syscalls.c.obj
                0x08006be0                _read
 .text._write   0x08006bfc       0x1c CMakeFiles/SYS_Power.dir/Core/Src/syscalls.c.obj
                0x08006bfc                _write
 .text._close   0x08006c18        0x6 CMakeFiles/SYS_Power.dir/Core/Src/syscalls.c.obj
                0x08006c18                _close
 .text._fstat   0x08006c1e        0xa CMakeFiles/SYS_Power.dir/Core/Src/syscalls.c.obj
                0x08006c1e                _fstat
 .text._isatty  0x08006c28        0x4 CMakeFiles/SYS_Power.dir/Core/Src/syscalls.c.obj
                0x08006c28                _isatty
 .text._lseek   0x08006c2c        0x4 CMakeFiles/SYS_Power.dir/Core/Src/syscalls.c.obj
                0x08006c2c                _lseek
 .text.Reset_Handler
                0x08006c30       0x48 CMakeFiles/SYS_Power.dir/startup_stm32f103xe.s.obj
                0x08006c30                Reset_Handler
 .text.Default_Handler
                0x08006c78        0x2 CMakeFiles/SYS_Power.dir/startup_stm32f103xe.s.obj
                0x08006c78                RTC_Alarm_IRQHandler
                0x08006c78                EXTI2_IRQHandler
                0x08006c78                TIM8_TRG_COM_IRQHandler
                0x08006c78                TIM8_CC_IRQHandler
                0x08006c78                TIM1_CC_IRQHandler
                0x08006c78                TIM6_IRQHandler
                0x08006c78                PVD_IRQHandler
                0x08006c78                SDIO_IRQHandler
                0x08006c78                EXTI3_IRQHandler
                0x08006c78                EXTI0_IRQHandler
                0x08006c78                I2C2_EV_IRQHandler
                0x08006c78                ADC1_2_IRQHandler
                0x08006c78                SPI1_IRQHandler
                0x08006c78                TAMPER_IRQHandler
                0x08006c78                TIM8_UP_IRQHandler
                0x08006c78                DMA2_Channel2_IRQHandler
                0x08006c78                DMA1_Channel4_IRQHandler
                0x08006c78                USART3_IRQHandler
                0x08006c78                RTC_IRQHandler
                0x08006c78                DMA1_Channel7_IRQHandler
                0x08006c78                CAN1_RX1_IRQHandler
                0x08006c78                UART5_IRQHandler
                0x08006c78                ADC3_IRQHandler
                0x08006c78                TIM4_IRQHandler
                0x08006c78                DMA2_Channel1_IRQHandler
                0x08006c78                I2C1_EV_IRQHandler
                0x08006c78                DMA1_Channel6_IRQHandler
                0x08006c78                UART4_IRQHandler
                0x08006c78                TIM3_IRQHandler
                0x08006c78                RCC_IRQHandler
                0x08006c78                TIM1_TRG_COM_IRQHandler
                0x08006c78                DMA1_Channel1_IRQHandler
                0x08006c78                Default_Handler
                0x08006c78                EXTI15_10_IRQHandler
                0x08006c78                TIM7_IRQHandler
                0x08006c78                TIM5_IRQHandler
                0x08006c78                EXTI9_5_IRQHandler
                0x08006c78                SPI2_IRQHandler
                0x08006c78                DMA1_Channel5_IRQHandler
                0x08006c78                EXTI4_IRQHandler
                0x08006c78                USB_LP_CAN1_RX0_IRQHandler
                0x08006c78                USB_HP_CAN1_TX_IRQHandler
                0x08006c78                DMA1_Channel3_IRQHandler
                0x08006c78                FSMC_IRQHandler
                0x08006c78                TIM1_UP_IRQHandler
                0x08006c78                WWDG_IRQHandler
                0x08006c78                TIM2_IRQHandler
                0x08006c78                TIM1_BRK_IRQHandler
                0x08006c78                EXTI1_IRQHandler
                0x08006c78                DMA2_Channel4_5_IRQHandler
                0x08006c78                USART2_IRQHandler
                0x08006c78                I2C2_ER_IRQHandler
                0x08006c78                DMA1_Channel2_IRQHandler
                0x08006c78                TIM8_BRK_IRQHandler
                0x08006c78                CAN1_SCE_IRQHandler
                0x08006c78                FLASH_IRQHandler
                0x08006c78                USART1_IRQHandler
                0x08006c78                SPI3_IRQHandler
                0x08006c78                I2C1_ER_IRQHandler
                0x08006c78                USBWakeUp_IRQHandler
                0x08006c78                DMA2_Channel3_IRQHandler
 .text.SystemInit
                0x08006c7a        0x2 cmake/stm32cubemx/CMakeFiles/STM32_Drivers.dir/__/__/Core/Src/system_stm32f1xx.c.obj
                0x08006c7a                SystemInit
 .text.I2C_IsAcknowledgeFailed
                0x08006c7c       0x32 cmake/stm32cubemx/CMakeFiles/STM32_Drivers.dir/__/__/Drivers/STM32F1xx_HAL_Driver/Src/stm32f1xx_hal_i2c.c.obj
 .text.I2C_WaitOnFlagUntilTimeout
                0x08006cae       0x80 cmake/stm32cubemx/CMakeFiles/STM32_Drivers.dir/__/__/Drivers/STM32F1xx_HAL_Driver/Src/stm32f1xx_hal_i2c.c.obj
 .text.I2C_WaitOnMasterAddressFlagUntilTimeout
                0x08006d2e       0x84 cmake/stm32cubemx/CMakeFiles/STM32_Drivers.dir/__/__/Drivers/STM32F1xx_HAL_Driver/Src/stm32f1xx_hal_i2c.c.obj
 .text.I2C_WaitOnTXEFlagUntilTimeout
                0x08006db2       0x54 cmake/stm32cubemx/CMakeFiles/STM32_Drivers.dir/__/__/Drivers/STM32F1xx_HAL_Driver/Src/stm32f1xx_hal_i2c.c.obj
 .text.I2C_WaitOnBTFFlagUntilTimeout
                0x08006e06       0x54 cmake/stm32cubemx/CMakeFiles/STM32_Drivers.dir/__/__/Drivers/STM32F1xx_HAL_Driver/Src/stm32f1xx_hal_i2c.c.obj
 *fill*         0x08006e5a        0x2 
 .text.HAL_I2C_Init
                0x08006e5c      0x150 cmake/stm32cubemx/CMakeFiles/STM32_Drivers.dir/__/__/Drivers/STM32F1xx_HAL_Driver/Src/stm32f1xx_hal_i2c.c.obj
                0x08006e5c                HAL_I2C_Init
 .text.HAL_I2C_Master_Transmit
                0x08006fac      0x1b4 cmake/stm32cubemx/CMakeFiles/STM32_Drivers.dir/__/__/Drivers/STM32F1xx_HAL_Driver/Src/stm32f1xx_hal_i2c.c.obj
                0x08006fac                HAL_I2C_Master_Transmit
 .text.HAL_InitTick
                0x08007160       0x48 cmake/stm32cubemx/CMakeFiles/STM32_Drivers.dir/__/__/Drivers/STM32F1xx_HAL_Driver/Src/stm32f1xx_hal.c.obj
                0x08007160                HAL_InitTick
 .text.HAL_Init
                0x080071a8       0x24 cmake/stm32cubemx/CMakeFiles/STM32_Drivers.dir/__/__/Drivers/STM32F1xx_HAL_Driver/Src/stm32f1xx_hal.c.obj
                0x080071a8                HAL_Init
 .text.HAL_IncTick
                0x080071cc       0x18 cmake/stm32cubemx/CMakeFiles/STM32_Drivers.dir/__/__/Drivers/STM32F1xx_HAL_Driver/Src/stm32f1xx_hal.c.obj
                0x080071cc                HAL_IncTick
 .text.HAL_GetTick
                0x080071e4        0xc cmake/stm32cubemx/CMakeFiles/STM32_Drivers.dir/__/__/Drivers/STM32F1xx_HAL_Driver/Src/stm32f1xx_hal.c.obj
                0x080071e4                HAL_GetTick
 .text.HAL_RCC_OscConfig
                0x080071f0      0x338 cmake/stm32cubemx/CMakeFiles/STM32_Drivers.dir/__/__/Drivers/STM32F1xx_HAL_Driver/Src/stm32f1xx_hal_rcc.c.obj
                0x080071f0                HAL_RCC_OscConfig
 .text.HAL_RCC_GetSysClockFreq
                0x08007528       0x4c cmake/stm32cubemx/CMakeFiles/STM32_Drivers.dir/__/__/Drivers/STM32F1xx_HAL_Driver/Src/stm32f1xx_hal_rcc.c.obj
                0x08007528                HAL_RCC_GetSysClockFreq
 .text.HAL_RCC_ClockConfig
                0x08007574      0x138 cmake/stm32cubemx/CMakeFiles/STM32_Drivers.dir/__/__/Drivers/STM32F1xx_HAL_Driver/Src/stm32f1xx_hal_rcc.c.obj
                0x08007574                HAL_RCC_ClockConfig
 .text.HAL_RCC_GetPCLK1Freq
                0x080076ac       0x20 cmake/stm32cubemx/CMakeFiles/STM32_Drivers.dir/__/__/Drivers/STM32F1xx_HAL_Driver/Src/stm32f1xx_hal_rcc.c.obj
                0x080076ac                HAL_RCC_GetPCLK1Freq
 .text.HAL_GPIO_Init
                0x080076cc      0x1c0 cmake/stm32cubemx/CMakeFiles/STM32_Drivers.dir/__/__/Drivers/STM32F1xx_HAL_Driver/Src/stm32f1xx_hal_gpio.c.obj
                0x080076cc                HAL_GPIO_Init
 .text.HAL_GPIO_ReadPin
                0x0800788c        0xc cmake/stm32cubemx/CMakeFiles/STM32_Drivers.dir/__/__/Drivers/STM32F1xx_HAL_Driver/Src/stm32f1xx_hal_gpio.c.obj
                0x0800788c                HAL_GPIO_ReadPin
 .text.HAL_GPIO_WritePin
                0x08007898        0xa cmake/stm32cubemx/CMakeFiles/STM32_Drivers.dir/__/__/Drivers/STM32F1xx_HAL_Driver/Src/stm32f1xx_hal_gpio.c.obj
                0x08007898                HAL_GPIO_WritePin
 *fill*         0x080078a2        0x2 
 .text.HAL_NVIC_SetPriorityGrouping
                0x080078a4       0x24 cmake/stm32cubemx/CMakeFiles/STM32_Drivers.dir/__/__/Drivers/STM32F1xx_HAL_Driver/Src/stm32f1xx_hal_cortex.c.obj
                0x080078a4                HAL_NVIC_SetPriorityGrouping
 .text.HAL_NVIC_SetPriority
                0x080078c8       0x60 cmake/stm32cubemx/CMakeFiles/STM32_Drivers.dir/__/__/Drivers/STM32F1xx_HAL_Driver/Src/stm32f1xx_hal_cortex.c.obj
                0x080078c8                HAL_NVIC_SetPriority
 .text.HAL_SYSTICK_Config
                0x08007928       0x28 cmake/stm32cubemx/CMakeFiles/STM32_Drivers.dir/__/__/Drivers/STM32F1xx_HAL_Driver/Src/stm32f1xx_hal_cortex.c.obj
                0x08007928                HAL_SYSTICK_Config
 .text.HAL_SYSTICK_CLKSourceConfig
                0x08007950       0x16 cmake/stm32cubemx/CMakeFiles/STM32_Drivers.dir/__/__/Drivers/STM32F1xx_HAL_Driver/Src/stm32f1xx_hal_cortex.c.obj
                0x08007950                HAL_SYSTICK_CLKSourceConfig
 *fill*         0x08007966        0x2 
 .text.delay_init
                0x08007968       0x1c SYSTEM/delay/libdelay.a(delay.c.obj)
                0x08007968                delay_init
 .text.delay_us
                0x08007984       0x34 SYSTEM/delay/libdelay.a(delay.c.obj)
                0x08007984                delay_us
 .text.delay_ms
                0x080079b8       0x38 SYSTEM/delay/libdelay.a(delay.c.obj)
                0x080079b8                delay_ms
 .text.OLED_Send
                0x080079f0       0x20 peripherals/libperipherals.a(oled.c.obj)
                0x080079f0                OLED_Send
 .text.OLED_SendCmd
                0x08007a10       0x10 peripherals/libperipherals.a(oled.c.obj)
                0x08007a10                OLED_SendCmd
 .text.OLED_NewFrame
                0x08007a20       0x10 peripherals/libperipherals.a(oled.c.obj)
                0x08007a20                OLED_NewFrame
 .text.OLED_ShowFrame
                0x08007a30       0x4c peripherals/libperipherals.a(oled.c.obj)
                0x08007a30                OLED_ShowFrame
 .text.OLED_Init
                0x08007a7c       0xb6 peripherals/libperipherals.a(oled.c.obj)
                0x08007a7c                OLED_Init
 *fill*         0x08007b32        0x2 
 .text.OLED_SetByte_Fine
                0x08007b34       0x50 peripherals/libperipherals.a(oled.c.obj)
                0x08007b34                OLED_SetByte_Fine
 .text.OLED_SetBits_Fine
                0x08007b84       0x66 peripherals/libperipherals.a(oled.c.obj)
                0x08007b84                OLED_SetBits_Fine
 .text.OLED_SetBits
                0x08007bea       0x40 peripherals/libperipherals.a(oled.c.obj)
                0x08007bea                OLED_SetBits
 .text.OLED_SetBlock
                0x08007c2a       0x98 peripherals/libperipherals.a(oled.c.obj)
                0x08007c2a                OLED_SetBlock
 .text.OLED_PrintASCIIChar
                0x08007cc2       0x26 peripherals/libperipherals.a(oled.c.obj)
                0x08007cc2                OLED_PrintASCIIChar
 .text._OLED_GetUTF8Len
                0x08007ce8       0x36 peripherals/libperipherals.a(oled.c.obj)
                0x08007ce8                _OLED_GetUTF8Len
 .text.OLED_PrintString
                0x08007d1e       0xca peripherals/libperipherals.a(oled.c.obj)
                0x08007d1e                OLED_PrintString
 .text.ad7190_Dout_Read
                0x08007de8       0x10 peripherals/libperipherals.a(ad7190.c.obj)
                0x08007de8                ad7190_Dout_Read
 .text.ad7190_CS_HIGH
                0x08007df8       0x1c peripherals/libperipherals.a(ad7190.c.obj)
                0x08007df8                ad7190_CS_HIGH
 .text.ad7190_CS_LOW
                0x08007e14       0x1c peripherals/libperipherals.a(ad7190.c.obj)
                0x08007e14                ad7190_CS_LOW
 .text.AD7190_Transmit
                0x08007e30       0x50 peripherals/libperipherals.a(ad7190.c.obj)
                0x08007e30                AD7190_Transmit
 .text.AD7190_ReadData
                0x08007e80       0x4c peripherals/libperipherals.a(ad7190.c.obj)
                0x08007e80                AD7190_ReadData
 .text.AD7190_Read_Mode_Reg
                0x08007ecc       0x2a peripherals/libperipherals.a(ad7190.c.obj)
                0x08007ecc                AD7190_Read_Mode_Reg
 .text.AD7190_Write_ModeReg
                0x08007ef6       0x4a peripherals/libperipherals.a(ad7190.c.obj)
                0x08007ef6                AD7190_Write_ModeReg
 .text.AD7190_Read_Data_Reg
                0x08007f40       0x2a peripherals/libperipherals.a(ad7190.c.obj)
                0x08007f40                AD7190_Read_Data_Reg
 .text.AD7190_Read_ConfigtureReg
                0x08007f6a       0x2a peripherals/libperipherals.a(ad7190.c.obj)
                0x08007f6a                AD7190_Read_ConfigtureReg
 .text.AD7190_Write_ConfigureReg
                0x08007f94       0x4a peripherals/libperipherals.a(ad7190.c.obj)
                0x08007f94                AD7190_Write_ConfigureReg
 .text.AD7190_Restart
                0x08007fde       0x32 peripherals/libperipherals.a(ad7190.c.obj)
                0x08007fde                AD7190_Restart
 .text.startup  0x08008010       0x14 /usr/lib/gcc/arm-none-eabi/13.2.1/../../../arm-none-eabi/lib/thumb/v7-m/nofp/libg.a(libc_a-__call_atexit.o)
 *(.glue_7)
 .glue_7        0x08008024        0x0 linker stubs
 *(.glue_7t)
 .glue_7t       0x08008024        0x0 linker stubs
 *(.eh_frame)
 .eh_frame      0x08008024        0x0 /usr/lib/gcc/arm-none-eabi/13.2.1/thumb/v7-m/nofp/crtbegin.o
 *(.init)
 .init          0x08008024        0x4 /usr/lib/gcc/arm-none-eabi/13.2.1/thumb/v7-m/nofp/crti.o
                0x08008024                _init
 .init          0x08008028        0x8 /usr/lib/gcc/arm-none-eabi/13.2.1/thumb/v7-m/nofp/crtn.o
 *(.fini)
 .fini          0x08008030        0x4 /usr/lib/gcc/arm-none-eabi/13.2.1/thumb/v7-m/nofp/crti.o
                0x08008030                _fini
 .fini          0x08008034        0x8 /usr/lib/gcc/arm-none-eabi/13.2.1/thumb/v7-m/nofp/crtn.o
                0x0800803c                        . = ALIGN (0x4)
                0x0800803c                        _etext = .

.vfp11_veneer   0x0800803c        0x0
 .vfp11_veneer  0x0800803c        0x0 linker stubs

.v4_bx          0x0800803c        0x0
 .v4_bx         0x0800803c        0x0 linker stubs

.iplt           0x0800803c        0x0
 .iplt          0x0800803c        0x0 /usr/lib/gcc/arm-none-eabi/13.2.1/thumb/v7-m/nofp/crtbegin.o

.rodata         0x08008040      0xa74
                0x08008040                        . = ALIGN (0x4)
 *(.rodata)
 .rodata        0x08008040       0x20 /usr/lib/gcc/arm-none-eabi/13.2.1/../../../arm-none-eabi/lib/thumb/v7-m/nofp/libg.a(libc_a-svfprintf.o)
 .rodata        0x08008060      0x128 /usr/lib/gcc/arm-none-eabi/13.2.1/../../../arm-none-eabi/lib/thumb/v7-m/nofp/libg.a(libc_a-mprec.o)
                0x08008070                __mprec_tens
                0x08008138                __mprec_tinytens
                0x08008160                __mprec_bigtens
 .rodata        0x08008188      0x101 /usr/lib/gcc/arm-none-eabi/13.2.1/../../../arm-none-eabi/lib/thumb/v7-m/nofp/libg.a(libc_a-ctype_.o)
                0x08008188                _ctype_
 *fill*         0x08008289        0x3 
 .rodata        0x0800828c       0x20 /usr/lib/gcc/arm-none-eabi/13.2.1/../../../arm-none-eabi/lib/thumb/v7-m/nofp/libg.a(libc_a-vfiprintf.o)
 *(.rodata*)
 .rodata.main.str1.1
                0x080082ac       0x31 CMakeFiles/SYS_Power.dir/Core/Src/main.c.obj
 .rodata.APBPrescTable
                0x080082dd        0x8 cmake/stm32cubemx/CMakeFiles/STM32_Drivers.dir/__/__/Core/Src/system_stm32f1xx.c.obj
                0x080082dd                APBPrescTable
 .rodata.AHBPrescTable
                0x080082e5       0x10 cmake/stm32cubemx/CMakeFiles/STM32_Drivers.dir/__/__/Core/Src/system_stm32f1xx.c.obj
                0x080082e5                AHBPrescTable
 .rodata.aPredivFactorTable.0
                0x080082f5        0x2 cmake/stm32cubemx/CMakeFiles/STM32_Drivers.dir/__/__/Drivers/STM32F1xx_HAL_Driver/Src/stm32f1xx_hal_rcc.c.obj
 .rodata.aPLLMULFactorTable.1
                0x080082f7       0x10 cmake/stm32cubemx/CMakeFiles/STM32_Drivers.dir/__/__/Drivers/STM32F1xx_HAL_Driver/Src/stm32f1xx_hal_rcc.c.obj
 *fill*         0x08008307        0x1 
 .rodata.font16x16
                0x08008308       0x10 peripherals/libperipherals.a(font.c.obj)
                0x08008308                font16x16
 .rodata.zh16x16
                0x08008318       0x90 peripherals/libperipherals.a(font.c.obj)
                0x08008318                zh16x16
 .rodata.afont16x8
                0x080083a8        0x8 peripherals/libperipherals.a(font.c.obj)
                0x080083a8                afont16x8
 .rodata.ascii_16x8
                0x080083b0      0x5f0 peripherals/libperipherals.a(font.c.obj)
                0x080083b0                ascii_16x8
 .rodata.str1.4
                0x080089a0      0x112 /usr/lib/gcc/arm-none-eabi/13.2.1/../../../arm-none-eabi/lib/thumb/v7-m/nofp/libg.a(libc_a-svfprintf.o)
                                 0x42 (size before relaxing)
 .rodata.str1.4
                0x08008ab2       0x54 /usr/lib/gcc/arm-none-eabi/13.2.1/../../../arm-none-eabi/lib/thumb/v7-m/nofp/libg.a(libc_a-dtoa.o)
 .rodata.str1.4
                0x08008ab2       0x43 /usr/lib/gcc/arm-none-eabi/13.2.1/../../../arm-none-eabi/lib/thumb/v7-m/nofp/libg.a(libc_a-assert.o)
 .rodata.str1.4
                0x08008ab2       0x41 /usr/lib/gcc/arm-none-eabi/13.2.1/../../../arm-none-eabi/lib/thumb/v7-m/nofp/libg.a(libc_a-mprec.o)
 .rodata.str1.4
                0x08008ab2       0x12 /usr/lib/gcc/arm-none-eabi/13.2.1/../../../arm-none-eabi/lib/thumb/v7-m/nofp/libg.a(libc_a-locale.o)
 .rodata.str1.4
                0x08008ab2       0x2f /usr/lib/gcc/arm-none-eabi/13.2.1/../../../arm-none-eabi/lib/thumb/v7-m/nofp/libg.a(libc_a-vfiprintf.o)
                0x08008b08                        . = ALIGN (0x4)
 *fill*         0x08008ab2        0x2 

.ARM.extab      0x08008ab4        0x0
                0x08008ab4                        . = ALIGN (0x4)
 *(.ARM.extab* .gnu.linkonce.armextab.*)
                0x08008ab4                        . = ALIGN (0x4)

.ARM            0x08008ab4        0x8
                0x08008ab4                        . = ALIGN (0x4)
                0x08008ab4                        __exidx_start = .
 *(.ARM.exidx*)
 .ARM.exidx     0x08008ab4        0x8 /usr/lib/gcc/arm-none-eabi/13.2.1/../../../arm-none-eabi/lib/thumb/v7-m/nofp/libg.a(libc_a-memcpy.o)
                0x08008abc                        __exidx_end = .
                0x08008abc                        . = ALIGN (0x4)

.preinit_array  0x08008abc        0x0
                0x08008abc                        . = ALIGN (0x4)
                0x08008abc                        PROVIDE (__preinit_array_start = .)
 *(.preinit_array*)
                0x08008abc                        PROVIDE (__preinit_array_end = .)
                0x08008abc                        . = ALIGN (0x4)

.init_array     0x08008abc        0x8
                0x08008abc                        . = ALIGN (0x4)
                0x08008abc                        PROVIDE (__init_array_start = .)
 *(SORT_BY_NAME(.init_array.*))
 .init_array.00000
                0x08008abc        0x4 /usr/lib/gcc/arm-none-eabi/13.2.1/../../../arm-none-eabi/lib/thumb/v7-m/nofp/libg.a(libc_a-__call_atexit.o)
 *(.init_array*)
 .init_array    0x08008ac0        0x4 /usr/lib/gcc/arm-none-eabi/13.2.1/thumb/v7-m/nofp/crtbegin.o
                0x08008ac4                        PROVIDE (__init_array_end = .)
                0x08008ac4                        . = ALIGN (0x4)

.fini_array     0x08008ac4        0x4
                0x08008ac4                        . = ALIGN (0x4)
                0x08008ac4                        PROVIDE (__fini_array_start = .)
 *(SORT_BY_NAME(.fini_array.*))
 *(.fini_array*)
 .fini_array    0x08008ac4        0x4 /usr/lib/gcc/arm-none-eabi/13.2.1/thumb/v7-m/nofp/crtbegin.o
                0x08008ac8                        PROVIDE (__fini_array_end = .)
                0x08008ac8                        . = ALIGN (0x4)
                0x08008ac8                        _sidata = LOADADDR (.data)

.rel.dyn        0x08008ac8        0x0
 .rel.iplt      0x08008ac8        0x0 /usr/lib/gcc/arm-none-eabi/13.2.1/thumb/v7-m/nofp/crtbegin.o

.data           0x20000000      0x6c0 load address 0x08008ac8
                0x20000000                        . = ALIGN (0x4)
                0x20000000                        _sdata = .
 *(.data)
 .data          0x20000000      0x128 /usr/lib/gcc/arm-none-eabi/13.2.1/../../../arm-none-eabi/lib/thumb/v7-m/nofp/libg.a(libc_a-impure.o)
                0x20000000                _impure_ptr
                0x20000008                _impure_data
 .data          0x20000128        0xc /usr/lib/gcc/arm-none-eabi/13.2.1/../../../arm-none-eabi/lib/thumb/v7-m/nofp/libg.a(libc_a-findfp.o)
                0x20000128                __sglue
 *fill*         0x20000134        0x4 
 .data          0x20000138      0x410 /usr/lib/gcc/arm-none-eabi/13.2.1/../../../arm-none-eabi/lib/thumb/v7-m/nofp/libg.a(libc_a-mallocr.o)
                0x20000138                __malloc_av_
                0x20000540                __malloc_sbrk_base
                0x20000544                __malloc_trim_threshold
 .data          0x20000548      0x16c /usr/lib/gcc/arm-none-eabi/13.2.1/../../../arm-none-eabi/lib/thumb/v7-m/nofp/libg.a(libc_a-locale.o)
                0x20000548                __global_locale
 *(.data*)
 .data.SystemCoreClock
                0x200006b4        0x4 cmake/stm32cubemx/CMakeFiles/STM32_Drivers.dir/__/__/Core/Src/system_stm32f1xx.c.obj
                0x200006b4                SystemCoreClock
 .data.uwTickFreq
                0x200006b8        0x1 cmake/stm32cubemx/CMakeFiles/STM32_Drivers.dir/__/__/Drivers/STM32F1xx_HAL_Driver/Src/stm32f1xx_hal.c.obj
                0x200006b8                uwTickFreq
 *fill*         0x200006b9        0x3 
 .data.uwTickPrio
                0x200006bc        0x4 cmake/stm32cubemx/CMakeFiles/STM32_Drivers.dir/__/__/Drivers/STM32F1xx_HAL_Driver/Src/stm32f1xx_hal.c.obj
                0x200006bc                uwTickPrio
 *(.RamFunc)
 *(.RamFunc*)
                0x200006c0                        . = ALIGN (0x4)

.tm_clone_table
                0x200006c0        0x0 load address 0x08009188
 .tm_clone_table
                0x200006c0        0x0 /usr/lib/gcc/arm-none-eabi/13.2.1/thumb/v7-m/nofp/crtbegin.o
 .tm_clone_table
                0x200006c0        0x0 /usr/lib/gcc/arm-none-eabi/13.2.1/thumb/v7-m/nofp/crtend.o

.igot.plt       0x200006c0        0x0 load address 0x08009188
 .igot.plt      0x200006c0        0x0 /usr/lib/gcc/arm-none-eabi/13.2.1/thumb/v7-m/nofp/crtbegin.o

.tdata          0x200006c0        0x0 load address 0x08009188
 *(.tdata .tdata.* .gnu.linkonce.td.*)
                0x200006c0                        . = ALIGN (0x4)
                0x200006c0                        _edata = .
                [!provide]                        PROVIDE (__data_end = .)
                [!provide]                        PROVIDE (__tdata_end = .)
                [!provide]                        PROVIDE (__tdata_start = ADDR (.tdata))
                [!provide]                        PROVIDE (__tdata_size = (__tdata_end - __tdata_start))
                [!provide]                        PROVIDE (__data_start = ADDR (.data))
                [!provide]                        PROVIDE (__data_size = (__data_end - __data_start))
                [!provide]                        PROVIDE (__tdata_source = LOADADDR (.tdata))
                [!provide]                        PROVIDE (__tdata_source_end = (LOADADDR (.tdata) + SIZEOF (.tdata)))
                [!provide]                        PROVIDE (__tdata_source_size = (__tdata_source_end - __tdata_source))
                [!provide]                        PROVIDE (__data_source = LOADADDR (.data))
                [!provide]                        PROVIDE (__data_source_end = __tdata_source_end)
                [!provide]                        PROVIDE (__data_source_size = (__data_source_end - __data_source))

.tbss           0x200006c0        0x0 load address 0x08009188
                0x200006c0                        _sbss = .
                0x200006c0                        __bss_start__ = _sbss
 *(.tbss .tbss.*)
                0x200006c0                        . = ALIGN (0x4)
                [!provide]                        PROVIDE (__tbss_end = .)
                [!provide]                        PROVIDE (__tbss_start = ADDR (.tbss))
                [!provide]                        PROVIDE (__tbss_size = (__tbss_end - __tbss_start))
                [!provide]                        PROVIDE (__tbss_offset = (ADDR (.tbss) - ADDR (.tdata)))
                [!provide]                        PROVIDE (__tls_base = __tdata_start)
                [!provide]                        PROVIDE (__tls_end = __tbss_end)
                [!provide]                        PROVIDE (__tls_size = (__tls_end - __tls_base))
                [!provide]                        PROVIDE (__tls_align = MAX (ALIGNOF (.tdata), ALIGNOF (.tbss)))
                [!provide]                        PROVIDE (__tls_size_align = (((__tls_size + __tls_align) - 0x1) & ~ ((__tls_align - 0x1))))
                [!provide]                        PROVIDE (__arm32_tls_tcb_offset = MAX (0x8, __tls_align))
                [!provide]                        PROVIDE (__arm64_tls_tcb_offset = MAX (0x10, __tls_align))

.bss            0x200006c0      0x808 load address 0x08009188
 *(.bss)
 .bss           0x200006c0       0x1c /usr/lib/gcc/arm-none-eabi/13.2.1/thumb/v7-m/nofp/crtbegin.o
 .bss           0x200006dc      0x13c /usr/lib/gcc/arm-none-eabi/13.2.1/../../../arm-none-eabi/lib/thumb/v7-m/nofp/libg.a(libc_a-findfp.o)
                0x200006dc                __sf
                0x20000814                __stdio_exit_handler
 .bss           0x20000818       0x34 /usr/lib/gcc/arm-none-eabi/13.2.1/../../../arm-none-eabi/lib/thumb/v7-m/nofp/libg.a(libc_a-mallocr.o)
                0x20000818                __malloc_top_pad
                0x2000081c                __malloc_current_mallinfo
                0x20000844                __malloc_max_sbrked_mem
                0x20000848                __malloc_max_total_mem
 .bss           0x2000084c        0x4 /usr/lib/gcc/arm-none-eabi/13.2.1/../../../arm-none-eabi/lib/thumb/v7-m/nofp/libg.a(libc_a-__call_atexit.o)
                0x2000084c                __atexit
 .bss           0x20000850      0x190 /usr/lib/gcc/arm-none-eabi/13.2.1/../../../arm-none-eabi/lib/thumb/v7-m/nofp/libg.a(libc_a-__atexit.o)
                0x20000850                __atexit0
 .bss           0x200009e0        0x4 /usr/lib/gcc/arm-none-eabi/13.2.1/../../../arm-none-eabi/lib/thumb/v7-m/nofp/libg.a(libc_a-reent.o)
                0x200009e0                errno
 *(.bss*)
 .bss.hi2c1     0x200009e4       0x54 CMakeFiles/SYS_Power.dir/Core/Src/i2c.c.obj
                0x200009e4                hi2c1
 .bss.__sbrk_heap_end
                0x20000a38        0x4 CMakeFiles/SYS_Power.dir/Core/Src/sysmem.c.obj
 .bss.uwTick    0x20000a3c        0x4 cmake/stm32cubemx/CMakeFiles/STM32_Drivers.dir/__/__/Drivers/STM32F1xx_HAL_Driver/Src/stm32f1xx_hal.c.obj
                0x20000a3c                uwTick
 .bss.g_fac_us  0x20000a40        0x2 SYSTEM/delay/libdelay.a(delay.c.obj)
 .bss.sendBuffer.2
                0x20000a42       0x81 peripherals/libperipherals.a(oled.c.obj)
 .bss.sendBuffer.3
                0x20000ac3        0x2 peripherals/libperipherals.a(oled.c.obj)
 .bss.OLED_GRAM
                0x20000ac5      0x400 peripherals/libperipherals.a(oled.c.obj)
                0x20000ac5                OLED_GRAM
 *(COMMON)
                0x20000ec8                        . = ALIGN (0x4)
 *fill*         0x20000ec5        0x3 
                0x20000ec8                        _ebss = .
                0x20000ec8                        __bss_end__ = _ebss
                [!provide]                        PROVIDE (__bss_end = .)
                [!provide]                        PROVIDE (__non_tls_bss_start = ADDR (.bss))
                [!provide]                        PROVIDE (__bss_start = __tbss_start)
                [!provide]                        PROVIDE (__bss_size = (__bss_end - __bss_start))

._user_heap_stack
                0x20000ec8      0x600 load address 0x08009188
                0x20000ec8                        . = ALIGN (0x8)
                [!provide]                        PROVIDE (end = .)
                0x20000ec8                        PROVIDE (_end = .)
                0x200010c8                        . = (. + _Min_Heap_Size)
 *fill*         0x20000ec8      0x200 
                0x200014c8                        . = (. + _Min_Stack_Size)
 *fill*         0x200010c8      0x400 
                0x200014c8                        . = ALIGN (0x8)

/DISCARD/
 libc.a:*(*)
 libm.a:*(*)
 libgcc.a:*(*)
OUTPUT(SYS_Power elf32-littlearm)
LOAD linker stubs

.ARM.attributes
                0x00000000       0x29
 .ARM.attributes
                0x00000000       0x1d /usr/lib/gcc/arm-none-eabi/13.2.1/thumb/v7-m/nofp/crti.o
 .ARM.attributes
                0x0000001d       0x2d /usr/lib/gcc/arm-none-eabi/13.2.1/thumb/v7-m/nofp/crtbegin.o
 .ARM.attributes
                0x0000004a       0x2d CMakeFiles/SYS_Power.dir/Core/Src/main.c.obj
 .ARM.attributes
                0x00000077       0x2d CMakeFiles/SYS_Power.dir/Core/Src/gpio.c.obj
 .ARM.attributes
                0x000000a4       0x2d CMakeFiles/SYS_Power.dir/Core/Src/i2c.c.obj
 .ARM.attributes
                0x000000d1       0x2d CMakeFiles/SYS_Power.dir/Core/Src/stm32f1xx_it.c.obj
 .ARM.attributes
                0x000000fe       0x2d CMakeFiles/SYS_Power.dir/Core/Src/stm32f1xx_hal_msp.c.obj
 .ARM.attributes
                0x0000012b       0x2d CMakeFiles/SYS_Power.dir/Core/Src/sysmem.c.obj
 .ARM.attributes
                0x00000158       0x2d CMakeFiles/SYS_Power.dir/Core/Src/syscalls.c.obj
 .ARM.attributes
                0x00000185       0x21 CMakeFiles/SYS_Power.dir/startup_stm32f103xe.s.obj
 .ARM.attributes
                0x000001a6       0x2d cmake/stm32cubemx/CMakeFiles/STM32_Drivers.dir/__/__/Core/Src/system_stm32f1xx.c.obj
 .ARM.attributes
                0x000001d3       0x2d cmake/stm32cubemx/CMakeFiles/STM32_Drivers.dir/__/__/Drivers/STM32F1xx_HAL_Driver/Src/stm32f1xx_hal_i2c.c.obj
 .ARM.attributes
                0x00000200       0x2d cmake/stm32cubemx/CMakeFiles/STM32_Drivers.dir/__/__/Drivers/STM32F1xx_HAL_Driver/Src/stm32f1xx_hal.c.obj
 .ARM.attributes
                0x0000022d       0x2d cmake/stm32cubemx/CMakeFiles/STM32_Drivers.dir/__/__/Drivers/STM32F1xx_HAL_Driver/Src/stm32f1xx_hal_rcc.c.obj
 .ARM.attributes
                0x0000025a       0x2d cmake/stm32cubemx/CMakeFiles/STM32_Drivers.dir/__/__/Drivers/STM32F1xx_HAL_Driver/Src/stm32f1xx_hal_gpio.c.obj
 .ARM.attributes
                0x00000287       0x2d cmake/stm32cubemx/CMakeFiles/STM32_Drivers.dir/__/__/Drivers/STM32F1xx_HAL_Driver/Src/stm32f1xx_hal_cortex.c.obj
 .ARM.attributes
                0x000002b4       0x2d SYSTEM/delay/libdelay.a(delay.c.obj)
 .ARM.attributes
                0x000002e1       0x2d peripherals/libperipherals.a(oled.c.obj)
 .ARM.attributes
                0x0000030e       0x2d peripherals/libperipherals.a(font.c.obj)
 .ARM.attributes
                0x0000033b       0x2d peripherals/libperipherals.a(ad7190.c.obj)
 .ARM.attributes
                0x00000368       0x1d /usr/lib/gcc/arm-none-eabi/13.2.1/thumb/v7-m/nofp/libgcc.a(_arm_addsubdf3.o)
 .ARM.attributes
                0x00000385       0x1d /usr/lib/gcc/arm-none-eabi/13.2.1/thumb/v7-m/nofp/libgcc.a(_arm_fixdfsi.o)
 .ARM.attributes
                0x000003a2       0x2d /usr/lib/gcc/arm-none-eabi/13.2.1/../../../arm-none-eabi/lib/thumb/v7-m/nofp/libg.a(libc_a-memset.o)
 .ARM.attributes
                0x000003cf       0x2d /usr/lib/gcc/arm-none-eabi/13.2.1/../../../arm-none-eabi/lib/thumb/v7-m/nofp/libg.a(libc_a-errno.o)
 .ARM.attributes
                0x000003fc       0x2d /usr/lib/gcc/arm-none-eabi/13.2.1/../../../arm-none-eabi/lib/thumb/v7-m/nofp/libg.a(libc_a-impure.o)
 .ARM.attributes
                0x00000429       0x2d /usr/lib/gcc/arm-none-eabi/13.2.1/../../../arm-none-eabi/lib/thumb/v7-m/nofp/libg.a(libc_a-memcmp.o)
 .ARM.attributes
                0x00000456       0x2d /usr/lib/gcc/arm-none-eabi/13.2.1/../../../arm-none-eabi/lib/thumb/v7-m/nofp/libg.a(libc_a-snprintf.o)
 .ARM.attributes
                0x00000483       0x1b /usr/lib/gcc/arm-none-eabi/13.2.1/../../../arm-none-eabi/lib/thumb/v7-m/nofp/libg.a(libc_a-memcpy.o)
 .ARM.attributes
                0x0000049e       0x2d /usr/lib/gcc/arm-none-eabi/13.2.1/../../../arm-none-eabi/lib/thumb/v7-m/nofp/libg.a(libc_a-init.o)
 .ARM.attributes
                0x000004cb       0x2d /usr/lib/gcc/arm-none-eabi/13.2.1/../../../arm-none-eabi/lib/thumb/v7-m/nofp/libg.a(libc_a-findfp.o)
 .ARM.attributes
                0x000004f8       0x2d /usr/lib/gcc/arm-none-eabi/13.2.1/../../../arm-none-eabi/lib/thumb/v7-m/nofp/libg.a(libc_a-atexit.o)
 .ARM.attributes
                0x00000525       0x2d /usr/lib/gcc/arm-none-eabi/13.2.1/../../../arm-none-eabi/lib/thumb/v7-m/nofp/libg.a(libc_a-fini.o)
 .ARM.attributes
                0x00000552       0x2d /usr/lib/gcc/arm-none-eabi/13.2.1/../../../arm-none-eabi/lib/thumb/v7-m/nofp/libg.a(libc_a-fwalk.o)
 .ARM.attributes
                0x0000057f       0x2d /usr/lib/gcc/arm-none-eabi/13.2.1/../../../arm-none-eabi/lib/thumb/v7-m/nofp/libg.a(libc_a-svfprintf.o)
 .ARM.attributes
                0x000005ac       0x2d /usr/lib/gcc/arm-none-eabi/13.2.1/../../../arm-none-eabi/lib/thumb/v7-m/nofp/libg.a(libc_a-mallocr.o)
 .ARM.attributes
                0x000005d9       0x2d /usr/lib/gcc/arm-none-eabi/13.2.1/../../../arm-none-eabi/lib/thumb/v7-m/nofp/libg.a(libc_a-dtoa.o)
 .ARM.attributes
                0x00000606       0x2d /usr/lib/gcc/arm-none-eabi/13.2.1/../../../arm-none-eabi/lib/thumb/v7-m/nofp/libg.a(libc_a-freer.o)
 .ARM.attributes
                0x00000633       0x2d /usr/lib/gcc/arm-none-eabi/13.2.1/../../../arm-none-eabi/lib/thumb/v7-m/nofp/libg.a(libc_a-fclose.o)
 .ARM.attributes
                0x00000660       0x2d /usr/lib/gcc/arm-none-eabi/13.2.1/../../../arm-none-eabi/lib/thumb/v7-m/nofp/libg.a(libc_a-__call_atexit.o)
 .ARM.attributes
                0x0000068d       0x2d /usr/lib/gcc/arm-none-eabi/13.2.1/../../../arm-none-eabi/lib/thumb/v7-m/nofp/libg.a(libc_a-sysconf.o)
 .ARM.attributes
                0x000006ba       0x2d /usr/lib/gcc/arm-none-eabi/13.2.1/../../../arm-none-eabi/lib/thumb/v7-m/nofp/libg.a(libc_a-stdio.o)
 .ARM.attributes
                0x000006e7       0x2d /usr/lib/gcc/arm-none-eabi/13.2.1/../../../arm-none-eabi/lib/thumb/v7-m/nofp/libg.a(libc_a-__atexit.o)
 .ARM.attributes
                0x00000714       0x2d /usr/lib/gcc/arm-none-eabi/13.2.1/../../../arm-none-eabi/lib/thumb/v7-m/nofp/libg.a(libc_a-writer.o)
 .ARM.attributes
                0x00000741       0x2d /usr/lib/gcc/arm-none-eabi/13.2.1/../../../arm-none-eabi/lib/thumb/v7-m/nofp/libg.a(libc_a-mlock.o)
 .ARM.attributes
                0x0000076e       0x2d /usr/lib/gcc/arm-none-eabi/13.2.1/../../../arm-none-eabi/lib/thumb/v7-m/nofp/libg.a(libc_a-ssprint_r.o)
 .ARM.attributes
                0x0000079b       0x2d /usr/lib/gcc/arm-none-eabi/13.2.1/../../../arm-none-eabi/lib/thumb/v7-m/nofp/libg.a(libc_a-strlen-stub.o)
 .ARM.attributes
                0x000007c8       0x2d /usr/lib/gcc/arm-none-eabi/13.2.1/../../../arm-none-eabi/lib/thumb/v7-m/nofp/libg.a(libc_a-sbrkr.o)
 .ARM.attributes
                0x000007f5       0x2d /usr/lib/gcc/arm-none-eabi/13.2.1/../../../arm-none-eabi/lib/thumb/v7-m/nofp/libg.a(libc_a-closer.o)
 .ARM.attributes
                0x00000822       0x2d /usr/lib/gcc/arm-none-eabi/13.2.1/../../../arm-none-eabi/lib/thumb/v7-m/nofp/libg.a(libc_a-assert.o)
 .ARM.attributes
                0x0000084f       0x2d /usr/lib/gcc/arm-none-eabi/13.2.1/../../../arm-none-eabi/lib/thumb/v7-m/nofp/libg.a(libc_a-mprec.o)
 .ARM.attributes
                0x0000087c       0x2d /usr/lib/gcc/arm-none-eabi/13.2.1/../../../arm-none-eabi/lib/thumb/v7-m/nofp/libg.a(libc_a-memchr-stub.o)
 .ARM.attributes
                0x000008a9       0x2d /usr/lib/gcc/arm-none-eabi/13.2.1/../../../arm-none-eabi/lib/thumb/v7-m/nofp/libg.a(libc_a-localeconv.o)
 .ARM.attributes
                0x000008d6       0x2d /usr/lib/gcc/arm-none-eabi/13.2.1/../../../arm-none-eabi/lib/thumb/v7-m/nofp/libg.a(libc_a-locale.o)
 .ARM.attributes
                0x00000903       0x2d /usr/lib/gcc/arm-none-eabi/13.2.1/../../../arm-none-eabi/lib/thumb/v7-m/nofp/libg.a(libc_a-mbtowc_r.o)
 .ARM.attributes
                0x00000930       0x2d /usr/lib/gcc/arm-none-eabi/13.2.1/../../../arm-none-eabi/lib/thumb/v7-m/nofp/libg.a(libc_a-fflush.o)
 .ARM.attributes
                0x0000095d       0x2d /usr/lib/gcc/arm-none-eabi/13.2.1/../../../arm-none-eabi/lib/thumb/v7-m/nofp/libg.a(libc_a-abort.o)
 .ARM.attributes
                0x0000098a       0x2d /usr/lib/gcc/arm-none-eabi/13.2.1/../../../arm-none-eabi/lib/thumb/v7-m/nofp/libg.a(libc_a-callocr.o)
 .ARM.attributes
                0x000009b7       0x2d /usr/lib/gcc/arm-none-eabi/13.2.1/../../../arm-none-eabi/lib/thumb/v7-m/nofp/libg.a(libc_a-ssputs_r.o)
 .ARM.attributes
                0x000009e4       0x2d /usr/lib/gcc/arm-none-eabi/13.2.1/../../../arm-none-eabi/lib/thumb/v7-m/nofp/libg.a(libc_a-readr.o)
 .ARM.attributes
                0x00000a11       0x2d /usr/lib/gcc/arm-none-eabi/13.2.1/../../../arm-none-eabi/lib/thumb/v7-m/nofp/libg.a(libc_a-fiprintf.o)
 .ARM.attributes
                0x00000a3e       0x2d /usr/lib/gcc/arm-none-eabi/13.2.1/../../../arm-none-eabi/lib/thumb/v7-m/nofp/libg.a(libc_a-wctomb_r.o)
 .ARM.attributes
                0x00000a6b       0x2d /usr/lib/gcc/arm-none-eabi/13.2.1/../../../arm-none-eabi/lib/thumb/v7-m/nofp/libg.a(libc_a-lseekr.o)
 .ARM.attributes
                0x00000a98       0x2d /usr/lib/gcc/arm-none-eabi/13.2.1/../../../arm-none-eabi/lib/thumb/v7-m/nofp/libg.a(libc_a-reent.o)
 .ARM.attributes
                0x00000ac5       0x2d /usr/lib/gcc/arm-none-eabi/13.2.1/../../../arm-none-eabi/lib/thumb/v7-m/nofp/libg.a(libc_a-reallocr.o)
 .ARM.attributes
                0x00000af2       0x2d /usr/lib/gcc/arm-none-eabi/13.2.1/../../../arm-none-eabi/lib/thumb/v7-m/nofp/libg.a(libc_a-ctype_.o)
 .ARM.attributes
                0x00000b1f       0x2d /usr/lib/gcc/arm-none-eabi/13.2.1/../../../arm-none-eabi/lib/thumb/v7-m/nofp/libg.a(libc_a-signal.o)
 .ARM.attributes
                0x00000b4c       0x2d /usr/lib/gcc/arm-none-eabi/13.2.1/../../../arm-none-eabi/lib/thumb/v7-m/nofp/libg.a(libc_a-signalr.o)
 .ARM.attributes
                0x00000b79       0x2d /usr/lib/gcc/arm-none-eabi/13.2.1/../../../arm-none-eabi/lib/thumb/v7-m/nofp/libg.a(libc_a-memmove.o)
 .ARM.attributes
                0x00000ba6       0x2d /usr/lib/gcc/arm-none-eabi/13.2.1/../../../arm-none-eabi/lib/thumb/v7-m/nofp/libg.a(libc_a-vfiprintf.o)
 .ARM.attributes
                0x00000bd3       0x2d /usr/lib/gcc/arm-none-eabi/13.2.1/../../../arm-none-eabi/lib/thumb/v7-m/nofp/libg.a(libc_a-wsetup.o)
 .ARM.attributes
                0x00000c00       0x2d /usr/lib/gcc/arm-none-eabi/13.2.1/../../../arm-none-eabi/lib/thumb/v7-m/nofp/libg.a(libc_a-sprint_r.o)
 .ARM.attributes
                0x00000c2d       0x2d /usr/lib/gcc/arm-none-eabi/13.2.1/../../../arm-none-eabi/lib/thumb/v7-m/nofp/libg.a(libc_a-makebuf.o)
 .ARM.attributes
                0x00000c5a       0x2d /usr/lib/gcc/arm-none-eabi/13.2.1/../../../arm-none-eabi/lib/thumb/v7-m/nofp/libg.a(libc_a-fstatr.o)
 .ARM.attributes
                0x00000c87       0x2d /usr/lib/gcc/arm-none-eabi/13.2.1/../../../arm-none-eabi/lib/thumb/v7-m/nofp/libg.a(libc_a-isattyr.o)
 .ARM.attributes
                0x00000cb4       0x2d /usr/lib/gcc/arm-none-eabi/13.2.1/../../../arm-none-eabi/lib/thumb/v7-m/nofp/libg.a(libc_a-fvwrite.o)
 .ARM.attributes
                0x00000ce1       0x1d /usr/lib/gcc/arm-none-eabi/13.2.1/thumb/v7-m/nofp/libgcc.a(_arm_muldivdf3.o)
 .ARM.attributes
                0x00000cfe       0x1d /usr/lib/gcc/arm-none-eabi/13.2.1/thumb/v7-m/nofp/libgcc.a(_arm_cmpdf2.o)
 .ARM.attributes
                0x00000d1b       0x1d /usr/lib/gcc/arm-none-eabi/13.2.1/thumb/v7-m/nofp/libgcc.a(_arm_unorddf2.o)
 .ARM.attributes
                0x00000d38       0x2d /usr/lib/gcc/arm-none-eabi/13.2.1/thumb/v7-m/nofp/crtend.o
 .ARM.attributes
                0x00000d65       0x1d /usr/lib/gcc/arm-none-eabi/13.2.1/thumb/v7-m/nofp/crtn.o

.comment        0x00000000       0x26
 .comment       0x00000000       0x26 /usr/lib/gcc/arm-none-eabi/13.2.1/thumb/v7-m/nofp/crtbegin.o
                                 0x27 (size before relaxing)
 .comment       0x00000026       0x27 CMakeFiles/SYS_Power.dir/Core/Src/main.c.obj
 .comment       0x00000026       0x27 CMakeFiles/SYS_Power.dir/Core/Src/gpio.c.obj
 .comment       0x00000026       0x27 CMakeFiles/SYS_Power.dir/Core/Src/i2c.c.obj
 .comment       0x00000026       0x27 CMakeFiles/SYS_Power.dir/Core/Src/stm32f1xx_it.c.obj
 .comment       0x00000026       0x27 CMakeFiles/SYS_Power.dir/Core/Src/stm32f1xx_hal_msp.c.obj
 .comment       0x00000026       0x27 CMakeFiles/SYS_Power.dir/Core/Src/sysmem.c.obj
 .comment       0x00000026       0x27 CMakeFiles/SYS_Power.dir/Core/Src/syscalls.c.obj
 .comment       0x00000026       0x27 cmake/stm32cubemx/CMakeFiles/STM32_Drivers.dir/__/__/Core/Src/system_stm32f1xx.c.obj
 .comment       0x00000026       0x27 cmake/stm32cubemx/CMakeFiles/STM32_Drivers.dir/__/__/Drivers/STM32F1xx_HAL_Driver/Src/stm32f1xx_hal_i2c.c.obj
 .comment       0x00000026       0x27 cmake/stm32cubemx/CMakeFiles/STM32_Drivers.dir/__/__/Drivers/STM32F1xx_HAL_Driver/Src/stm32f1xx_hal.c.obj
 .comment       0x00000026       0x27 cmake/stm32cubemx/CMakeFiles/STM32_Drivers.dir/__/__/Drivers/STM32F1xx_HAL_Driver/Src/stm32f1xx_hal_rcc.c.obj
 .comment       0x00000026       0x27 cmake/stm32cubemx/CMakeFiles/STM32_Drivers.dir/__/__/Drivers/STM32F1xx_HAL_Driver/Src/stm32f1xx_hal_gpio.c.obj
 .comment       0x00000026       0x27 cmake/stm32cubemx/CMakeFiles/STM32_Drivers.dir/__/__/Drivers/STM32F1xx_HAL_Driver/Src/stm32f1xx_hal_cortex.c.obj
 .comment       0x00000026       0x27 SYSTEM/delay/libdelay.a(delay.c.obj)
 .comment       0x00000026       0x27 peripherals/libperipherals.a(oled.c.obj)
 .comment       0x00000026       0x27 peripherals/libperipherals.a(font.c.obj)
 .comment       0x00000026       0x27 peripherals/libperipherals.a(ad7190.c.obj)
 .comment       0x00000026       0x27 /usr/lib/gcc/arm-none-eabi/13.2.1/../../../arm-none-eabi/lib/thumb/v7-m/nofp/libg.a(libc_a-memset.o)
 .comment       0x00000026       0x27 /usr/lib/gcc/arm-none-eabi/13.2.1/../../../arm-none-eabi/lib/thumb/v7-m/nofp/libg.a(libc_a-errno.o)
 .comment       0x00000026       0x27 /usr/lib/gcc/arm-none-eabi/13.2.1/../../../arm-none-eabi/lib/thumb/v7-m/nofp/libg.a(libc_a-impure.o)
 .comment       0x00000026       0x27 /usr/lib/gcc/arm-none-eabi/13.2.1/../../../arm-none-eabi/lib/thumb/v7-m/nofp/libg.a(libc_a-memcmp.o)
 .comment       0x00000026       0x27 /usr/lib/gcc/arm-none-eabi/13.2.1/../../../arm-none-eabi/lib/thumb/v7-m/nofp/libg.a(libc_a-snprintf.o)
 .comment       0x00000026       0x27 /usr/lib/gcc/arm-none-eabi/13.2.1/../../../arm-none-eabi/lib/thumb/v7-m/nofp/libg.a(libc_a-init.o)
 .comment       0x00000026       0x27 /usr/lib/gcc/arm-none-eabi/13.2.1/../../../arm-none-eabi/lib/thumb/v7-m/nofp/libg.a(libc_a-findfp.o)
 .comment       0x00000026       0x27 /usr/lib/gcc/arm-none-eabi/13.2.1/../../../arm-none-eabi/lib/thumb/v7-m/nofp/libg.a(libc_a-atexit.o)
 .comment       0x00000026       0x27 /usr/lib/gcc/arm-none-eabi/13.2.1/../../../arm-none-eabi/lib/thumb/v7-m/nofp/libg.a(libc_a-fini.o)
 .comment       0x00000026       0x27 /usr/lib/gcc/arm-none-eabi/13.2.1/../../../arm-none-eabi/lib/thumb/v7-m/nofp/libg.a(libc_a-fwalk.o)
 .comment       0x00000026       0x27 /usr/lib/gcc/arm-none-eabi/13.2.1/../../../arm-none-eabi/lib/thumb/v7-m/nofp/libg.a(libc_a-svfprintf.o)
 .comment       0x00000026       0x27 /usr/lib/gcc/arm-none-eabi/13.2.1/../../../arm-none-eabi/lib/thumb/v7-m/nofp/libg.a(libc_a-mallocr.o)
 .comment       0x00000026       0x27 /usr/lib/gcc/arm-none-eabi/13.2.1/../../../arm-none-eabi/lib/thumb/v7-m/nofp/libg.a(libc_a-dtoa.o)
 .comment       0x00000026       0x27 /usr/lib/gcc/arm-none-eabi/13.2.1/../../../arm-none-eabi/lib/thumb/v7-m/nofp/libg.a(libc_a-freer.o)
 .comment       0x00000026       0x27 /usr/lib/gcc/arm-none-eabi/13.2.1/../../../arm-none-eabi/lib/thumb/v7-m/nofp/libg.a(libc_a-fclose.o)
 .comment       0x00000026       0x27 /usr/lib/gcc/arm-none-eabi/13.2.1/../../../arm-none-eabi/lib/thumb/v7-m/nofp/libg.a(libc_a-__call_atexit.o)
 .comment       0x00000026       0x27 /usr/lib/gcc/arm-none-eabi/13.2.1/../../../arm-none-eabi/lib/thumb/v7-m/nofp/libg.a(libc_a-sysconf.o)
 .comment       0x00000026       0x27 /usr/lib/gcc/arm-none-eabi/13.2.1/../../../arm-none-eabi/lib/thumb/v7-m/nofp/libg.a(libc_a-stdio.o)
 .comment       0x00000026       0x27 /usr/lib/gcc/arm-none-eabi/13.2.1/../../../arm-none-eabi/lib/thumb/v7-m/nofp/libg.a(libc_a-__atexit.o)
 .comment       0x00000026       0x27 /usr/lib/gcc/arm-none-eabi/13.2.1/../../../arm-none-eabi/lib/thumb/v7-m/nofp/libg.a(libc_a-writer.o)
 .comment       0x00000026       0x27 /usr/lib/gcc/arm-none-eabi/13.2.1/../../../arm-none-eabi/lib/thumb/v7-m/nofp/libg.a(libc_a-mlock.o)
 .comment       0x00000026       0x27 /usr/lib/gcc/arm-none-eabi/13.2.1/../../../arm-none-eabi/lib/thumb/v7-m/nofp/libg.a(libc_a-ssprint_r.o)
 .comment       0x00000026       0x27 /usr/lib/gcc/arm-none-eabi/13.2.1/../../../arm-none-eabi/lib/thumb/v7-m/nofp/libg.a(libc_a-strlen-stub.o)
 .comment       0x00000026       0x27 /usr/lib/gcc/arm-none-eabi/13.2.1/../../../arm-none-eabi/lib/thumb/v7-m/nofp/libg.a(libc_a-sbrkr.o)
 .comment       0x00000026       0x27 /usr/lib/gcc/arm-none-eabi/13.2.1/../../../arm-none-eabi/lib/thumb/v7-m/nofp/libg.a(libc_a-closer.o)
 .comment       0x00000026       0x27 /usr/lib/gcc/arm-none-eabi/13.2.1/../../../arm-none-eabi/lib/thumb/v7-m/nofp/libg.a(libc_a-assert.o)
 .comment       0x00000026       0x27 /usr/lib/gcc/arm-none-eabi/13.2.1/../../../arm-none-eabi/lib/thumb/v7-m/nofp/libg.a(libc_a-mprec.o)
 .comment       0x00000026       0x27 /usr/lib/gcc/arm-none-eabi/13.2.1/../../../arm-none-eabi/lib/thumb/v7-m/nofp/libg.a(libc_a-memchr-stub.o)
 .comment       0x00000026       0x27 /usr/lib/gcc/arm-none-eabi/13.2.1/../../../arm-none-eabi/lib/thumb/v7-m/nofp/libg.a(libc_a-localeconv.o)
 .comment       0x00000026       0x27 /usr/lib/gcc/arm-none-eabi/13.2.1/../../../arm-none-eabi/lib/thumb/v7-m/nofp/libg.a(libc_a-locale.o)
 .comment       0x00000026       0x27 /usr/lib/gcc/arm-none-eabi/13.2.1/../../../arm-none-eabi/lib/thumb/v7-m/nofp/libg.a(libc_a-mbtowc_r.o)
 .comment       0x00000026       0x27 /usr/lib/gcc/arm-none-eabi/13.2.1/../../../arm-none-eabi/lib/thumb/v7-m/nofp/libg.a(libc_a-fflush.o)
 .comment       0x00000026       0x27 /usr/lib/gcc/arm-none-eabi/13.2.1/../../../arm-none-eabi/lib/thumb/v7-m/nofp/libg.a(libc_a-abort.o)
 .comment       0x00000026       0x27 /usr/lib/gcc/arm-none-eabi/13.2.1/../../../arm-none-eabi/lib/thumb/v7-m/nofp/libg.a(libc_a-callocr.o)
 .comment       0x00000026       0x27 /usr/lib/gcc/arm-none-eabi/13.2.1/../../../arm-none-eabi/lib/thumb/v7-m/nofp/libg.a(libc_a-ssputs_r.o)
 .comment       0x00000026       0x27 /usr/lib/gcc/arm-none-eabi/13.2.1/../../../arm-none-eabi/lib/thumb/v7-m/nofp/libg.a(libc_a-readr.o)
 .comment       0x00000026       0x27 /usr/lib/gcc/arm-none-eabi/13.2.1/../../../arm-none-eabi/lib/thumb/v7-m/nofp/libg.a(libc_a-fiprintf.o)
 .comment       0x00000026       0x27 /usr/lib/gcc/arm-none-eabi/13.2.1/../../../arm-none-eabi/lib/thumb/v7-m/nofp/libg.a(libc_a-wctomb_r.o)
 .comment       0x00000026       0x27 /usr/lib/gcc/arm-none-eabi/13.2.1/../../../arm-none-eabi/lib/thumb/v7-m/nofp/libg.a(libc_a-lseekr.o)
 .comment       0x00000026       0x27 /usr/lib/gcc/arm-none-eabi/13.2.1/../../../arm-none-eabi/lib/thumb/v7-m/nofp/libg.a(libc_a-reent.o)
 .comment       0x00000026       0x27 /usr/lib/gcc/arm-none-eabi/13.2.1/../../../arm-none-eabi/lib/thumb/v7-m/nofp/libg.a(libc_a-reallocr.o)
 .comment       0x00000026       0x27 /usr/lib/gcc/arm-none-eabi/13.2.1/../../../arm-none-eabi/lib/thumb/v7-m/nofp/libg.a(libc_a-ctype_.o)
 .comment       0x00000026       0x27 /usr/lib/gcc/arm-none-eabi/13.2.1/../../../arm-none-eabi/lib/thumb/v7-m/nofp/libg.a(libc_a-signal.o)
 .comment       0x00000026       0x27 /usr/lib/gcc/arm-none-eabi/13.2.1/../../../arm-none-eabi/lib/thumb/v7-m/nofp/libg.a(libc_a-signalr.o)
 .comment       0x00000026       0x27 /usr/lib/gcc/arm-none-eabi/13.2.1/../../../arm-none-eabi/lib/thumb/v7-m/nofp/libg.a(libc_a-memmove.o)
 .comment       0x00000026       0x27 /usr/lib/gcc/arm-none-eabi/13.2.1/../../../arm-none-eabi/lib/thumb/v7-m/nofp/libg.a(libc_a-vfiprintf.o)
 .comment       0x00000026       0x27 /usr/lib/gcc/arm-none-eabi/13.2.1/../../../arm-none-eabi/lib/thumb/v7-m/nofp/libg.a(libc_a-wsetup.o)
 .comment       0x00000026       0x27 /usr/lib/gcc/arm-none-eabi/13.2.1/../../../arm-none-eabi/lib/thumb/v7-m/nofp/libg.a(libc_a-sprint_r.o)
 .comment       0x00000026       0x27 /usr/lib/gcc/arm-none-eabi/13.2.1/../../../arm-none-eabi/lib/thumb/v7-m/nofp/libg.a(libc_a-makebuf.o)
 .comment       0x00000026       0x27 /usr/lib/gcc/arm-none-eabi/13.2.1/../../../arm-none-eabi/lib/thumb/v7-m/nofp/libg.a(libc_a-fstatr.o)
 .comment       0x00000026       0x27 /usr/lib/gcc/arm-none-eabi/13.2.1/../../../arm-none-eabi/lib/thumb/v7-m/nofp/libg.a(libc_a-isattyr.o)
 .comment       0x00000026       0x27 /usr/lib/gcc/arm-none-eabi/13.2.1/../../../arm-none-eabi/lib/thumb/v7-m/nofp/libg.a(libc_a-fvwrite.o)
 .comment       0x00000026       0x27 /usr/lib/gcc/arm-none-eabi/13.2.1/thumb/v7-m/nofp/crtend.o

.debug_info     0x00000000    0x26d5f
 .debug_info    0x00000000      0xbd5 CMakeFiles/SYS_Power.dir/Core/Src/main.c.obj
 .debug_info    0x00000bd5      0x364 CMakeFiles/SYS_Power.dir/Core/Src/gpio.c.obj
 .debug_info    0x00000f39      0x860 CMakeFiles/SYS_Power.dir/Core/Src/i2c.c.obj
 .debug_info    0x00001799      0x111 CMakeFiles/SYS_Power.dir/Core/Src/stm32f1xx_it.c.obj
 .debug_info    0x000018aa      0x1dc CMakeFiles/SYS_Power.dir/Core/Src/stm32f1xx_hal_msp.c.obj
 .debug_info    0x00001a86      0x159 CMakeFiles/SYS_Power.dir/Core/Src/sysmem.c.obj
 .debug_info    0x00001bdf      0x7bb CMakeFiles/SYS_Power.dir/Core/Src/syscalls.c.obj
 .debug_info    0x0000239a       0x30 CMakeFiles/SYS_Power.dir/startup_stm32f103xe.s.obj
 .debug_info    0x000023ca      0x213 cmake/stm32cubemx/CMakeFiles/STM32_Drivers.dir/__/__/Core/Src/system_stm32f1xx.c.obj
 .debug_info    0x000025dd     0x3894 cmake/stm32cubemx/CMakeFiles/STM32_Drivers.dir/__/__/Drivers/STM32F1xx_HAL_Driver/Src/stm32f1xx_hal_i2c.c.obj
 .debug_info    0x00005e71      0x832 cmake/stm32cubemx/CMakeFiles/STM32_Drivers.dir/__/__/Drivers/STM32F1xx_HAL_Driver/Src/stm32f1xx_hal.c.obj
 .debug_info    0x000066a3      0x9d3 cmake/stm32cubemx/CMakeFiles/STM32_Drivers.dir/__/__/Drivers/STM32F1xx_HAL_Driver/Src/stm32f1xx_hal_rcc.c.obj
 .debug_info    0x00007076      0x5f6 cmake/stm32cubemx/CMakeFiles/STM32_Drivers.dir/__/__/Drivers/STM32F1xx_HAL_Driver/Src/stm32f1xx_hal_gpio.c.obj
 .debug_info    0x0000766c      0xd2b cmake/stm32cubemx/CMakeFiles/STM32_Drivers.dir/__/__/Drivers/STM32F1xx_HAL_Driver/Src/stm32f1xx_hal_cortex.c.obj
 .debug_info    0x00008397      0x227 SYSTEM/delay/libdelay.a(delay.c.obj)
 .debug_info    0x000085be     0x21d8 peripherals/libperipherals.a(oled.c.obj)
 .debug_info    0x0000a796      0x2f5 peripherals/libperipherals.a(font.c.obj)
 .debug_info    0x0000aa8b      0x7fb peripherals/libperipherals.a(ad7190.c.obj)
 .debug_info    0x0000b286       0xd3 /usr/lib/gcc/arm-none-eabi/13.2.1/thumb/v7-m/nofp/libgcc.a(_arm_addsubdf3.o)
 .debug_info    0x0000b359       0x3c /usr/lib/gcc/arm-none-eabi/13.2.1/thumb/v7-m/nofp/libgcc.a(_arm_fixdfsi.o)
 .debug_info    0x0000b395      0x135 /usr/lib/gcc/arm-none-eabi/13.2.1/../../../arm-none-eabi/lib/thumb/v7-m/nofp/libg.a(libc_a-memset.o)
 .debug_info    0x0000b4ca      0x70f /usr/lib/gcc/arm-none-eabi/13.2.1/../../../arm-none-eabi/lib/thumb/v7-m/nofp/libg.a(libc_a-errno.o)
 .debug_info    0x0000bbd9      0x729 /usr/lib/gcc/arm-none-eabi/13.2.1/../../../arm-none-eabi/lib/thumb/v7-m/nofp/libg.a(libc_a-impure.o)
 .debug_info    0x0000c302      0x12b /usr/lib/gcc/arm-none-eabi/13.2.1/../../../arm-none-eabi/lib/thumb/v7-m/nofp/libg.a(libc_a-memcmp.o)
 .debug_info    0x0000c42d      0x91d /usr/lib/gcc/arm-none-eabi/13.2.1/../../../arm-none-eabi/lib/thumb/v7-m/nofp/libg.a(libc_a-snprintf.o)
 .debug_info    0x0000cd4a       0x33 /usr/lib/gcc/arm-none-eabi/13.2.1/../../../arm-none-eabi/lib/thumb/v7-m/nofp/libg.a(libc_a-memcpy.o)
 .debug_info    0x0000cd7d      0x10b /usr/lib/gcc/arm-none-eabi/13.2.1/../../../arm-none-eabi/lib/thumb/v7-m/nofp/libg.a(libc_a-init.o)
 .debug_info    0x0000ce88      0xea8 /usr/lib/gcc/arm-none-eabi/13.2.1/../../../arm-none-eabi/lib/thumb/v7-m/nofp/libg.a(libc_a-findfp.o)
 .debug_info    0x0000dd30      0x11e /usr/lib/gcc/arm-none-eabi/13.2.1/../../../arm-none-eabi/lib/thumb/v7-m/nofp/libg.a(libc_a-atexit.o)
 .debug_info    0x0000de4e       0xf7 /usr/lib/gcc/arm-none-eabi/13.2.1/../../../arm-none-eabi/lib/thumb/v7-m/nofp/libg.a(libc_a-fini.o)
 .debug_info    0x0000df45      0x7e4 /usr/lib/gcc/arm-none-eabi/13.2.1/../../../arm-none-eabi/lib/thumb/v7-m/nofp/libg.a(libc_a-fwalk.o)
 .debug_info    0x0000e729     0x178b /usr/lib/gcc/arm-none-eabi/13.2.1/../../../arm-none-eabi/lib/thumb/v7-m/nofp/libg.a(libc_a-svfprintf.o)
 .debug_info    0x0000feb4      0xcd9 /usr/lib/gcc/arm-none-eabi/13.2.1/../../../arm-none-eabi/lib/thumb/v7-m/nofp/libg.a(libc_a-mallocr.o)
 .debug_info    0x00010b8d     0x18d8 /usr/lib/gcc/arm-none-eabi/13.2.1/../../../arm-none-eabi/lib/thumb/v7-m/nofp/libg.a(libc_a-dtoa.o)
 .debug_info    0x00012465      0xb55 /usr/lib/gcc/arm-none-eabi/13.2.1/../../../arm-none-eabi/lib/thumb/v7-m/nofp/libg.a(libc_a-freer.o)
 .debug_info    0x00012fba      0x8e6 /usr/lib/gcc/arm-none-eabi/13.2.1/../../../arm-none-eabi/lib/thumb/v7-m/nofp/libg.a(libc_a-fclose.o)
 .debug_info    0x000138a0      0x284 /usr/lib/gcc/arm-none-eabi/13.2.1/../../../arm-none-eabi/lib/thumb/v7-m/nofp/libg.a(libc_a-__call_atexit.o)
 .debug_info    0x00013b24       0xc1 /usr/lib/gcc/arm-none-eabi/13.2.1/../../../arm-none-eabi/lib/thumb/v7-m/nofp/libg.a(libc_a-sysconf.o)
 .debug_info    0x00013be5      0xa9e /usr/lib/gcc/arm-none-eabi/13.2.1/../../../arm-none-eabi/lib/thumb/v7-m/nofp/libg.a(libc_a-stdio.o)
 .debug_info    0x00014683      0x1fd /usr/lib/gcc/arm-none-eabi/13.2.1/../../../arm-none-eabi/lib/thumb/v7-m/nofp/libg.a(libc_a-__atexit.o)
 .debug_info    0x00014880      0x7d9 /usr/lib/gcc/arm-none-eabi/13.2.1/../../../arm-none-eabi/lib/thumb/v7-m/nofp/libg.a(libc_a-writer.o)
 .debug_info    0x00015059      0x73a /usr/lib/gcc/arm-none-eabi/13.2.1/../../../arm-none-eabi/lib/thumb/v7-m/nofp/libg.a(libc_a-mlock.o)
 .debug_info    0x00015793      0x840 /usr/lib/gcc/arm-none-eabi/13.2.1/../../../arm-none-eabi/lib/thumb/v7-m/nofp/libg.a(libc_a-ssprint_r.o)
 .debug_info    0x00015fd3       0xbd /usr/lib/gcc/arm-none-eabi/13.2.1/../../../arm-none-eabi/lib/thumb/v7-m/nofp/libg.a(libc_a-strlen-stub.o)
 .debug_info    0x00016090      0x796 /usr/lib/gcc/arm-none-eabi/13.2.1/../../../arm-none-eabi/lib/thumb/v7-m/nofp/libg.a(libc_a-sbrkr.o)
 .debug_info    0x00016826      0x770 /usr/lib/gcc/arm-none-eabi/13.2.1/../../../arm-none-eabi/lib/thumb/v7-m/nofp/libg.a(libc_a-closer.o)
 .debug_info    0x00016f96      0x843 /usr/lib/gcc/arm-none-eabi/13.2.1/../../../arm-none-eabi/lib/thumb/v7-m/nofp/libg.a(libc_a-assert.o)
 .debug_info    0x000177d9     0x1e35 /usr/lib/gcc/arm-none-eabi/13.2.1/../../../arm-none-eabi/lib/thumb/v7-m/nofp/libg.a(libc_a-mprec.o)
 .debug_info    0x0001960e      0x14a /usr/lib/gcc/arm-none-eabi/13.2.1/../../../arm-none-eabi/lib/thumb/v7-m/nofp/libg.a(libc_a-memchr-stub.o)
 .debug_info    0x00019758      0xa2c /usr/lib/gcc/arm-none-eabi/13.2.1/../../../arm-none-eabi/lib/thumb/v7-m/nofp/libg.a(libc_a-localeconv.o)
 .debug_info    0x0001a184      0xbd7 /usr/lib/gcc/arm-none-eabi/13.2.1/../../../arm-none-eabi/lib/thumb/v7-m/nofp/libg.a(libc_a-locale.o)
 .debug_info    0x0001ad5b      0xace /usr/lib/gcc/arm-none-eabi/13.2.1/../../../arm-none-eabi/lib/thumb/v7-m/nofp/libg.a(libc_a-mbtowc_r.o)
 .debug_info    0x0001b829      0xa4c /usr/lib/gcc/arm-none-eabi/13.2.1/../../../arm-none-eabi/lib/thumb/v7-m/nofp/libg.a(libc_a-fflush.o)
 .debug_info    0x0001c275       0xd8 /usr/lib/gcc/arm-none-eabi/13.2.1/../../../arm-none-eabi/lib/thumb/v7-m/nofp/libg.a(libc_a-abort.o)
 .debug_info    0x0001c34d      0x8d9 /usr/lib/gcc/arm-none-eabi/13.2.1/../../../arm-none-eabi/lib/thumb/v7-m/nofp/libg.a(libc_a-callocr.o)
 .debug_info    0x0001cc26      0x8c2 /usr/lib/gcc/arm-none-eabi/13.2.1/../../../arm-none-eabi/lib/thumb/v7-m/nofp/libg.a(libc_a-ssputs_r.o)
 .debug_info    0x0001d4e8      0x7d3 /usr/lib/gcc/arm-none-eabi/13.2.1/../../../arm-none-eabi/lib/thumb/v7-m/nofp/libg.a(libc_a-readr.o)
 .debug_info    0x0001dcbb      0x872 /usr/lib/gcc/arm-none-eabi/13.2.1/../../../arm-none-eabi/lib/thumb/v7-m/nofp/libg.a(libc_a-fiprintf.o)
 .debug_info    0x0001e52d      0xa8e /usr/lib/gcc/arm-none-eabi/13.2.1/../../../arm-none-eabi/lib/thumb/v7-m/nofp/libg.a(libc_a-wctomb_r.o)
 .debug_info    0x0001efbb      0x7bc /usr/lib/gcc/arm-none-eabi/13.2.1/../../../arm-none-eabi/lib/thumb/v7-m/nofp/libg.a(libc_a-lseekr.o)
 .debug_info    0x0001f777      0x831 /usr/lib/gcc/arm-none-eabi/13.2.1/../../../arm-none-eabi/lib/thumb/v7-m/nofp/libg.a(libc_a-reent.o)
 .debug_info    0x0001ffa8      0xbc9 /usr/lib/gcc/arm-none-eabi/13.2.1/../../../arm-none-eabi/lib/thumb/v7-m/nofp/libg.a(libc_a-reallocr.o)
 .debug_info    0x00020b71       0xb9 /usr/lib/gcc/arm-none-eabi/13.2.1/../../../arm-none-eabi/lib/thumb/v7-m/nofp/libg.a(libc_a-ctype_.o)
 .debug_info    0x00020c2a      0xc57 /usr/lib/gcc/arm-none-eabi/13.2.1/../../../arm-none-eabi/lib/thumb/v7-m/nofp/libg.a(libc_a-signal.o)
 .debug_info    0x00021881      0x7fd /usr/lib/gcc/arm-none-eabi/13.2.1/../../../arm-none-eabi/lib/thumb/v7-m/nofp/libg.a(libc_a-signalr.o)
 .debug_info    0x0002207e      0x148 /usr/lib/gcc/arm-none-eabi/13.2.1/../../../arm-none-eabi/lib/thumb/v7-m/nofp/libg.a(libc_a-memmove.o)
 .debug_info    0x000221c6     0x1210 /usr/lib/gcc/arm-none-eabi/13.2.1/../../../arm-none-eabi/lib/thumb/v7-m/nofp/libg.a(libc_a-vfiprintf.o)
 .debug_info    0x000233d6      0x7cf /usr/lib/gcc/arm-none-eabi/13.2.1/../../../arm-none-eabi/lib/thumb/v7-m/nofp/libg.a(libc_a-wsetup.o)
 .debug_info    0x00023ba5      0x7ff /usr/lib/gcc/arm-none-eabi/13.2.1/../../../arm-none-eabi/lib/thumb/v7-m/nofp/libg.a(libc_a-sprint_r.o)
 .debug_info    0x000243a4      0xc08 /usr/lib/gcc/arm-none-eabi/13.2.1/../../../arm-none-eabi/lib/thumb/v7-m/nofp/libg.a(libc_a-makebuf.o)
 .debug_info    0x00024fac      0x995 /usr/lib/gcc/arm-none-eabi/13.2.1/../../../arm-none-eabi/lib/thumb/v7-m/nofp/libg.a(libc_a-fstatr.o)
 .debug_info    0x00025941      0x770 /usr/lib/gcc/arm-none-eabi/13.2.1/../../../arm-none-eabi/lib/thumb/v7-m/nofp/libg.a(libc_a-isattyr.o)
 .debug_info    0x000260b1      0xb3c /usr/lib/gcc/arm-none-eabi/13.2.1/../../../arm-none-eabi/lib/thumb/v7-m/nofp/libg.a(libc_a-fvwrite.o)
 .debug_info    0x00026bed       0x57 /usr/lib/gcc/arm-none-eabi/13.2.1/thumb/v7-m/nofp/libgcc.a(_arm_muldivdf3.o)
 .debug_info    0x00026c44       0xdf /usr/lib/gcc/arm-none-eabi/13.2.1/thumb/v7-m/nofp/libgcc.a(_arm_cmpdf2.o)
 .debug_info    0x00026d23       0x3c /usr/lib/gcc/arm-none-eabi/13.2.1/thumb/v7-m/nofp/libgcc.a(_arm_unorddf2.o)

.debug_abbrev   0x00000000     0x9091
 .debug_abbrev  0x00000000      0x2a4 CMakeFiles/SYS_Power.dir/Core/Src/main.c.obj
 .debug_abbrev  0x000002a4      0x162 CMakeFiles/SYS_Power.dir/Core/Src/gpio.c.obj
 .debug_abbrev  0x00000406      0x20c CMakeFiles/SYS_Power.dir/Core/Src/i2c.c.obj
 .debug_abbrev  0x00000612       0xb4 CMakeFiles/SYS_Power.dir/Core/Src/stm32f1xx_it.c.obj
 .debug_abbrev  0x000006c6       0xe9 CMakeFiles/SYS_Power.dir/Core/Src/stm32f1xx_hal_msp.c.obj
 .debug_abbrev  0x000007af       0xea CMakeFiles/SYS_Power.dir/Core/Src/sysmem.c.obj
 .debug_abbrev  0x00000899      0x20d CMakeFiles/SYS_Power.dir/Core/Src/syscalls.c.obj
 .debug_abbrev  0x00000aa6       0x24 CMakeFiles/SYS_Power.dir/startup_stm32f103xe.s.obj
 .debug_abbrev  0x00000aca      0x144 cmake/stm32cubemx/CMakeFiles/STM32_Drivers.dir/__/__/Core/Src/system_stm32f1xx.c.obj
 .debug_abbrev  0x00000c0e      0x444 cmake/stm32cubemx/CMakeFiles/STM32_Drivers.dir/__/__/Drivers/STM32F1xx_HAL_Driver/Src/stm32f1xx_hal_i2c.c.obj
 .debug_abbrev  0x00001052      0x270 cmake/stm32cubemx/CMakeFiles/STM32_Drivers.dir/__/__/Drivers/STM32F1xx_HAL_Driver/Src/stm32f1xx_hal.c.obj
 .debug_abbrev  0x000012c2      0x2fd cmake/stm32cubemx/CMakeFiles/STM32_Drivers.dir/__/__/Drivers/STM32F1xx_HAL_Driver/Src/stm32f1xx_hal_rcc.c.obj
 .debug_abbrev  0x000015bf      0x1fe cmake/stm32cubemx/CMakeFiles/STM32_Drivers.dir/__/__/Drivers/STM32F1xx_HAL_Driver/Src/stm32f1xx_hal_gpio.c.obj
 .debug_abbrev  0x000017bd      0x369 cmake/stm32cubemx/CMakeFiles/STM32_Drivers.dir/__/__/Drivers/STM32F1xx_HAL_Driver/Src/stm32f1xx_hal_cortex.c.obj
 .debug_abbrev  0x00001b26      0x189 SYSTEM/delay/libdelay.a(delay.c.obj)
 .debug_abbrev  0x00001caf      0x46e peripherals/libperipherals.a(oled.c.obj)
 .debug_abbrev  0x0000211d       0xf7 peripherals/libperipherals.a(font.c.obj)
 .debug_abbrev  0x00002214      0x1e4 peripherals/libperipherals.a(ad7190.c.obj)
 .debug_abbrev  0x000023f8       0x28 /usr/lib/gcc/arm-none-eabi/13.2.1/thumb/v7-m/nofp/libgcc.a(_arm_addsubdf3.o)
 .debug_abbrev  0x00002420       0x28 /usr/lib/gcc/arm-none-eabi/13.2.1/thumb/v7-m/nofp/libgcc.a(_arm_fixdfsi.o)
 .debug_abbrev  0x00002448       0xb7 /usr/lib/gcc/arm-none-eabi/13.2.1/../../../arm-none-eabi/lib/thumb/v7-m/nofp/libg.a(libc_a-memset.o)
 .debug_abbrev  0x000024ff      0x19a /usr/lib/gcc/arm-none-eabi/13.2.1/../../../arm-none-eabi/lib/thumb/v7-m/nofp/libg.a(libc_a-errno.o)
 .debug_abbrev  0x00002699      0x185 /usr/lib/gcc/arm-none-eabi/13.2.1/../../../arm-none-eabi/lib/thumb/v7-m/nofp/libg.a(libc_a-impure.o)
 .debug_abbrev  0x0000281e       0x90 /usr/lib/gcc/arm-none-eabi/13.2.1/../../../arm-none-eabi/lib/thumb/v7-m/nofp/libg.a(libc_a-memcmp.o)
 .debug_abbrev  0x000028ae      0x278 /usr/lib/gcc/arm-none-eabi/13.2.1/../../../arm-none-eabi/lib/thumb/v7-m/nofp/libg.a(libc_a-snprintf.o)
 .debug_abbrev  0x00002b26       0x28 /usr/lib/gcc/arm-none-eabi/13.2.1/../../../arm-none-eabi/lib/thumb/v7-m/nofp/libg.a(libc_a-memcpy.o)
 .debug_abbrev  0x00002b4e       0xc9 /usr/lib/gcc/arm-none-eabi/13.2.1/../../../arm-none-eabi/lib/thumb/v7-m/nofp/libg.a(libc_a-init.o)
 .debug_abbrev  0x00002c17      0x446 /usr/lib/gcc/arm-none-eabi/13.2.1/../../../arm-none-eabi/lib/thumb/v7-m/nofp/libg.a(libc_a-findfp.o)
 .debug_abbrev  0x0000305d       0xc1 /usr/lib/gcc/arm-none-eabi/13.2.1/../../../arm-none-eabi/lib/thumb/v7-m/nofp/libg.a(libc_a-atexit.o)
 .debug_abbrev  0x0000311e       0xcc /usr/lib/gcc/arm-none-eabi/13.2.1/../../../arm-none-eabi/lib/thumb/v7-m/nofp/libg.a(libc_a-fini.o)
 .debug_abbrev  0x000031ea      0x1d9 /usr/lib/gcc/arm-none-eabi/13.2.1/../../../arm-none-eabi/lib/thumb/v7-m/nofp/libg.a(libc_a-fwalk.o)
 .debug_abbrev  0x000033c3      0x402 /usr/lib/gcc/arm-none-eabi/13.2.1/../../../arm-none-eabi/lib/thumb/v7-m/nofp/libg.a(libc_a-svfprintf.o)
 .debug_abbrev  0x000037c5      0x2d7 /usr/lib/gcc/arm-none-eabi/13.2.1/../../../arm-none-eabi/lib/thumb/v7-m/nofp/libg.a(libc_a-mallocr.o)
 .debug_abbrev  0x00003a9c      0x364 /usr/lib/gcc/arm-none-eabi/13.2.1/../../../arm-none-eabi/lib/thumb/v7-m/nofp/libg.a(libc_a-dtoa.o)
 .debug_abbrev  0x00003e00      0x27f /usr/lib/gcc/arm-none-eabi/13.2.1/../../../arm-none-eabi/lib/thumb/v7-m/nofp/libg.a(libc_a-freer.o)
 .debug_abbrev  0x0000407f      0x2ed /usr/lib/gcc/arm-none-eabi/13.2.1/../../../arm-none-eabi/lib/thumb/v7-m/nofp/libg.a(libc_a-fclose.o)
 .debug_abbrev  0x0000436c      0x1dd /usr/lib/gcc/arm-none-eabi/13.2.1/../../../arm-none-eabi/lib/thumb/v7-m/nofp/libg.a(libc_a-__call_atexit.o)
 .debug_abbrev  0x00004549       0x80 /usr/lib/gcc/arm-none-eabi/13.2.1/../../../arm-none-eabi/lib/thumb/v7-m/nofp/libg.a(libc_a-sysconf.o)
 .debug_abbrev  0x000045c9      0x260 /usr/lib/gcc/arm-none-eabi/13.2.1/../../../arm-none-eabi/lib/thumb/v7-m/nofp/libg.a(libc_a-stdio.o)
 .debug_abbrev  0x00004829      0x157 /usr/lib/gcc/arm-none-eabi/13.2.1/../../../arm-none-eabi/lib/thumb/v7-m/nofp/libg.a(libc_a-__atexit.o)
 .debug_abbrev  0x00004980      0x1f1 /usr/lib/gcc/arm-none-eabi/13.2.1/../../../arm-none-eabi/lib/thumb/v7-m/nofp/libg.a(libc_a-writer.o)
 .debug_abbrev  0x00004b71      0x1ce /usr/lib/gcc/arm-none-eabi/13.2.1/../../../arm-none-eabi/lib/thumb/v7-m/nofp/libg.a(libc_a-mlock.o)
 .debug_abbrev  0x00004d3f      0x1e0 /usr/lib/gcc/arm-none-eabi/13.2.1/../../../arm-none-eabi/lib/thumb/v7-m/nofp/libg.a(libc_a-ssprint_r.o)
 .debug_abbrev  0x00004f1f       0x78 /usr/lib/gcc/arm-none-eabi/13.2.1/../../../arm-none-eabi/lib/thumb/v7-m/nofp/libg.a(libc_a-strlen-stub.o)
 .debug_abbrev  0x00004f97      0x216 /usr/lib/gcc/arm-none-eabi/13.2.1/../../../arm-none-eabi/lib/thumb/v7-m/nofp/libg.a(libc_a-sbrkr.o)
 .debug_abbrev  0x000051ad      0x1ec /usr/lib/gcc/arm-none-eabi/13.2.1/../../../arm-none-eabi/lib/thumb/v7-m/nofp/libg.a(libc_a-closer.o)
 .debug_abbrev  0x00005399      0x226 /usr/lib/gcc/arm-none-eabi/13.2.1/../../../arm-none-eabi/lib/thumb/v7-m/nofp/libg.a(libc_a-assert.o)
 .debug_abbrev  0x000055bf      0x502 /usr/lib/gcc/arm-none-eabi/13.2.1/../../../arm-none-eabi/lib/thumb/v7-m/nofp/libg.a(libc_a-mprec.o)
 .debug_abbrev  0x00005ac1       0xc7 /usr/lib/gcc/arm-none-eabi/13.2.1/../../../arm-none-eabi/lib/thumb/v7-m/nofp/libg.a(libc_a-memchr-stub.o)
 .debug_abbrev  0x00005b88      0x26a /usr/lib/gcc/arm-none-eabi/13.2.1/../../../arm-none-eabi/lib/thumb/v7-m/nofp/libg.a(libc_a-localeconv.o)
 .debug_abbrev  0x00005df2      0x2d9 /usr/lib/gcc/arm-none-eabi/13.2.1/../../../arm-none-eabi/lib/thumb/v7-m/nofp/libg.a(libc_a-locale.o)
 .debug_abbrev  0x000060cb      0x244 /usr/lib/gcc/arm-none-eabi/13.2.1/../../../arm-none-eabi/lib/thumb/v7-m/nofp/libg.a(libc_a-mbtowc_r.o)
 .debug_abbrev  0x0000630f      0x31f /usr/lib/gcc/arm-none-eabi/13.2.1/../../../arm-none-eabi/lib/thumb/v7-m/nofp/libg.a(libc_a-fflush.o)
 .debug_abbrev  0x0000662e       0x99 /usr/lib/gcc/arm-none-eabi/13.2.1/../../../arm-none-eabi/lib/thumb/v7-m/nofp/libg.a(libc_a-abort.o)
 .debug_abbrev  0x000066c7      0x25b /usr/lib/gcc/arm-none-eabi/13.2.1/../../../arm-none-eabi/lib/thumb/v7-m/nofp/libg.a(libc_a-callocr.o)
 .debug_abbrev  0x00006922      0x25a /usr/lib/gcc/arm-none-eabi/13.2.1/../../../arm-none-eabi/lib/thumb/v7-m/nofp/libg.a(libc_a-ssputs_r.o)
 .debug_abbrev  0x00006b7c      0x1ec /usr/lib/gcc/arm-none-eabi/13.2.1/../../../arm-none-eabi/lib/thumb/v7-m/nofp/libg.a(libc_a-readr.o)
 .debug_abbrev  0x00006d68      0x252 /usr/lib/gcc/arm-none-eabi/13.2.1/../../../arm-none-eabi/lib/thumb/v7-m/nofp/libg.a(libc_a-fiprintf.o)
 .debug_abbrev  0x00006fba      0x23d /usr/lib/gcc/arm-none-eabi/13.2.1/../../../arm-none-eabi/lib/thumb/v7-m/nofp/libg.a(libc_a-wctomb_r.o)
 .debug_abbrev  0x000071f7      0x200 /usr/lib/gcc/arm-none-eabi/13.2.1/../../../arm-none-eabi/lib/thumb/v7-m/nofp/libg.a(libc_a-lseekr.o)
 .debug_abbrev  0x000073f7      0x22a /usr/lib/gcc/arm-none-eabi/13.2.1/../../../arm-none-eabi/lib/thumb/v7-m/nofp/libg.a(libc_a-reent.o)
 .debug_abbrev  0x00007621      0x2a3 /usr/lib/gcc/arm-none-eabi/13.2.1/../../../arm-none-eabi/lib/thumb/v7-m/nofp/libg.a(libc_a-reallocr.o)
 .debug_abbrev  0x000078c4       0x62 /usr/lib/gcc/arm-none-eabi/13.2.1/../../../arm-none-eabi/lib/thumb/v7-m/nofp/libg.a(libc_a-ctype_.o)
 .debug_abbrev  0x00007926      0x313 /usr/lib/gcc/arm-none-eabi/13.2.1/../../../arm-none-eabi/lib/thumb/v7-m/nofp/libg.a(libc_a-signal.o)
 .debug_abbrev  0x00007c39      0x239 /usr/lib/gcc/arm-none-eabi/13.2.1/../../../arm-none-eabi/lib/thumb/v7-m/nofp/libg.a(libc_a-signalr.o)
 .debug_abbrev  0x00007e72       0xc3 /usr/lib/gcc/arm-none-eabi/13.2.1/../../../arm-none-eabi/lib/thumb/v7-m/nofp/libg.a(libc_a-memmove.o)
 .debug_abbrev  0x00007f35      0x3e6 /usr/lib/gcc/arm-none-eabi/13.2.1/../../../arm-none-eabi/lib/thumb/v7-m/nofp/libg.a(libc_a-vfiprintf.o)
 .debug_abbrev  0x0000831b      0x21e /usr/lib/gcc/arm-none-eabi/13.2.1/../../../arm-none-eabi/lib/thumb/v7-m/nofp/libg.a(libc_a-wsetup.o)
 .debug_abbrev  0x00008539      0x1d4 /usr/lib/gcc/arm-none-eabi/13.2.1/../../../arm-none-eabi/lib/thumb/v7-m/nofp/libg.a(libc_a-sprint_r.o)
 .debug_abbrev  0x0000870d      0x2c1 /usr/lib/gcc/arm-none-eabi/13.2.1/../../../arm-none-eabi/lib/thumb/v7-m/nofp/libg.a(libc_a-makebuf.o)
 .debug_abbrev  0x000089ce      0x1ff /usr/lib/gcc/arm-none-eabi/13.2.1/../../../arm-none-eabi/lib/thumb/v7-m/nofp/libg.a(libc_a-fstatr.o)
 .debug_abbrev  0x00008bcd      0x1ec /usr/lib/gcc/arm-none-eabi/13.2.1/../../../arm-none-eabi/lib/thumb/v7-m/nofp/libg.a(libc_a-isattyr.o)
 .debug_abbrev  0x00008db9      0x260 /usr/lib/gcc/arm-none-eabi/13.2.1/../../../arm-none-eabi/lib/thumb/v7-m/nofp/libg.a(libc_a-fvwrite.o)
 .debug_abbrev  0x00009019       0x28 /usr/lib/gcc/arm-none-eabi/13.2.1/thumb/v7-m/nofp/libgcc.a(_arm_muldivdf3.o)
 .debug_abbrev  0x00009041       0x28 /usr/lib/gcc/arm-none-eabi/13.2.1/thumb/v7-m/nofp/libgcc.a(_arm_cmpdf2.o)
 .debug_abbrev  0x00009069       0x28 /usr/lib/gcc/arm-none-eabi/13.2.1/thumb/v7-m/nofp/libgcc.a(_arm_unorddf2.o)

.debug_loclists
                0x00000000    0x108d7
 .debug_loclists
                0x00000000       0xe4 CMakeFiles/SYS_Power.dir/Core/Src/main.c.obj
 .debug_loclists
                0x000000e4       0x54 CMakeFiles/SYS_Power.dir/Core/Src/i2c.c.obj
 .debug_loclists
                0x00000138       0x17 CMakeFiles/SYS_Power.dir/Core/Src/stm32f1xx_hal_msp.c.obj
 .debug_loclists
                0x0000014f       0x3b CMakeFiles/SYS_Power.dir/Core/Src/sysmem.c.obj
 .debug_loclists
                0x0000018a      0x335 CMakeFiles/SYS_Power.dir/Core/Src/syscalls.c.obj
 .debug_loclists
                0x000004bf       0xac cmake/stm32cubemx/CMakeFiles/STM32_Drivers.dir/__/__/Core/Src/system_stm32f1xx.c.obj
 .debug_loclists
                0x0000056b     0x257b cmake/stm32cubemx/CMakeFiles/STM32_Drivers.dir/__/__/Drivers/STM32F1xx_HAL_Driver/Src/stm32f1xx_hal_i2c.c.obj
 .debug_loclists
                0x00002ae6       0xd5 cmake/stm32cubemx/CMakeFiles/STM32_Drivers.dir/__/__/Drivers/STM32F1xx_HAL_Driver/Src/stm32f1xx_hal.c.obj
 .debug_loclists
                0x00002bbb      0x41d cmake/stm32cubemx/CMakeFiles/STM32_Drivers.dir/__/__/Drivers/STM32F1xx_HAL_Driver/Src/stm32f1xx_hal_rcc.c.obj
 .debug_loclists
                0x00002fd8      0x2eb cmake/stm32cubemx/CMakeFiles/STM32_Drivers.dir/__/__/Drivers/STM32F1xx_HAL_Driver/Src/stm32f1xx_hal_gpio.c.obj
 .debug_loclists
                0x000032c3      0x3cb cmake/stm32cubemx/CMakeFiles/STM32_Drivers.dir/__/__/Drivers/STM32F1xx_HAL_Driver/Src/stm32f1xx_hal_cortex.c.obj
 .debug_loclists
                0x0000368e       0xb7 SYSTEM/delay/libdelay.a(delay.c.obj)
 .debug_loclists
                0x00003745     0x12d7 peripherals/libperipherals.a(oled.c.obj)
 .debug_loclists
                0x00004a1c      0x234 peripherals/libperipherals.a(ad7190.c.obj)
 .debug_loclists
                0x00004c50      0x1d7 /usr/lib/gcc/arm-none-eabi/13.2.1/../../../arm-none-eabi/lib/thumb/v7-m/nofp/libg.a(libc_a-memset.o)
 .debug_loclists
                0x00004e27       0xd6 /usr/lib/gcc/arm-none-eabi/13.2.1/../../../arm-none-eabi/lib/thumb/v7-m/nofp/libg.a(libc_a-memcmp.o)
 .debug_loclists
                0x00004efd      0x214 /usr/lib/gcc/arm-none-eabi/13.2.1/../../../arm-none-eabi/lib/thumb/v7-m/nofp/libg.a(libc_a-snprintf.o)
 .debug_loclists
                0x00005111       0x65 /usr/lib/gcc/arm-none-eabi/13.2.1/../../../arm-none-eabi/lib/thumb/v7-m/nofp/libg.a(libc_a-init.o)
 .debug_loclists